Component: ARM Compiler 6.15 Tool: armlink [5dd79300]

==============================================================================

Section Cross References

    startup_stm32f407xx.o(RESET) refers to startup_stm32f407xx.o(STACK) for __initial_sp
    startup_stm32f407xx.o(RESET) refers to startup_stm32f407xx.o(.text) for Reset_Handler
    startup_stm32f407xx.o(RESET) refers to stm32f4xx_it.o(.text.NMI_Handler) for NMI_Handler
    startup_stm32f407xx.o(RESET) refers to stm32f4xx_it.o(.text.HardFault_Handler) for HardFault_Handler
    startup_stm32f407xx.o(RESET) refers to stm32f4xx_it.o(.text.MemManage_Handler) for MemManage_Handler
    startup_stm32f407xx.o(RESET) refers to stm32f4xx_it.o(.text.BusFault_Handler) for BusFault_Handler
    startup_stm32f407xx.o(RESET) refers to stm32f4xx_it.o(.text.UsageFault_Handler) for UsageFault_Handler
    startup_stm32f407xx.o(RESET) refers to stm32f4xx_it.o(.text.SVC_Handler) for SVC_Handler
    startup_stm32f407xx.o(RESET) refers to stm32f4xx_it.o(.text.DebugMon_Handler) for DebugMon_Handler
    startup_stm32f407xx.o(RESET) refers to stm32f4xx_it.o(.text.PendSV_Handler) for PendSV_Handler
    startup_stm32f407xx.o(RESET) refers to stm32f4xx_it.o(.text.SysTick_Handler) for SysTick_Handler
    startup_stm32f407xx.o(RESET) refers to stm32f4xx_it.o(.text.EXTI0_IRQHandler) for EXTI0_IRQHandler
    startup_stm32f407xx.o(RESET) refers to stm32f4xx_it.o(.text.EXTI3_IRQHandler) for EXTI3_IRQHandler
    startup_stm32f407xx.o(RESET) refers to stm32f4xx_it.o(.text.EXTI4_IRQHandler) for EXTI4_IRQHandler
    startup_stm32f407xx.o(RESET) refers to stm32f4xx_it.o(.text.DMA1_Stream1_IRQHandler) for DMA1_Stream1_IRQHandler
    startup_stm32f407xx.o(RESET) refers to stm32f4xx_it.o(.text.DMA1_Stream2_IRQHandler) for DMA1_Stream2_IRQHandler
    startup_stm32f407xx.o(RESET) refers to stm32f4xx_it.o(.text.DMA1_Stream4_IRQHandler) for DMA1_Stream4_IRQHandler
    startup_stm32f407xx.o(RESET) refers to stm32f4xx_it.o(.text.CAN1_RX0_IRQHandler) for CAN1_RX0_IRQHandler
    startup_stm32f407xx.o(RESET) refers to stm32f4xx_it.o(.text.CAN1_RX1_IRQHandler) for CAN1_RX1_IRQHandler
    startup_stm32f407xx.o(RESET) refers to stm32f4xx_it.o(.text.EXTI9_5_IRQHandler) for EXTI9_5_IRQHandler
    startup_stm32f407xx.o(RESET) refers to stm32f4xx_it.o(.text.TIM4_IRQHandler) for TIM4_IRQHandler
    startup_stm32f407xx.o(RESET) refers to stm32f4xx_it.o(.text.USART1_IRQHandler) for USART1_IRQHandler
    startup_stm32f407xx.o(RESET) refers to stm32f4xx_it.o(.text.USART3_IRQHandler) for USART3_IRQHandler
    startup_stm32f407xx.o(RESET) refers to stm32f4xx_it.o(.text.TIM5_IRQHandler) for TIM5_IRQHandler
    startup_stm32f407xx.o(RESET) refers to stm32f4xx_it.o(.text.DMA2_Stream1_IRQHandler) for DMA2_Stream1_IRQHandler
    startup_stm32f407xx.o(RESET) refers to stm32f4xx_it.o(.text.DMA2_Stream2_IRQHandler) for DMA2_Stream2_IRQHandler
    startup_stm32f407xx.o(RESET) refers to stm32f4xx_it.o(.text.DMA2_Stream3_IRQHandler) for DMA2_Stream3_IRQHandler
    startup_stm32f407xx.o(RESET) refers to stm32f4xx_it.o(.text.CAN2_RX0_IRQHandler) for CAN2_RX0_IRQHandler
    startup_stm32f407xx.o(RESET) refers to stm32f4xx_it.o(.text.CAN2_RX1_IRQHandler) for CAN2_RX1_IRQHandler
    startup_stm32f407xx.o(RESET) refers to stm32f4xx_it.o(.text.OTG_FS_IRQHandler) for OTG_FS_IRQHandler
    startup_stm32f407xx.o(RESET) refers to stm32f4xx_it.o(.text.DMA2_Stream5_IRQHandler) for DMA2_Stream5_IRQHandler
    startup_stm32f407xx.o(RESET) refers to stm32f4xx_it.o(.text.DMA2_Stream6_IRQHandler) for DMA2_Stream6_IRQHandler
    startup_stm32f407xx.o(RESET) refers to stm32f4xx_it.o(.text.DMA2_Stream7_IRQHandler) for DMA2_Stream7_IRQHandler
    startup_stm32f407xx.o(RESET) refers to stm32f4xx_it.o(.text.USART6_IRQHandler) for USART6_IRQHandler
    startup_stm32f407xx.o(.text) refers to system_stm32f4xx.o(.text.SystemInit) for SystemInit
    startup_stm32f407xx.o(.text) refers to entry.o(.ARM.Collect$$$$00000000) for __main
    dvc_djimotor.o(.text._Z16allocate_tx_dataP17CAN_HandleTypeDef17Enum_DJI_Motor_ID) refers to can.o(.bss.hcan1) for hcan1
    dvc_djimotor.o(.text._Z16allocate_tx_dataP17CAN_HandleTypeDef17Enum_DJI_Motor_ID) refers to drv_can.o(.bss.CAN1_0x200_Tx_Data) for CAN1_0x200_Tx_Data
    dvc_djimotor.o(.text._Z16allocate_tx_dataP17CAN_HandleTypeDef17Enum_DJI_Motor_ID) refers to drv_can.o(.bss.CAN1_0x1ff_Tx_Data) for CAN1_0x1ff_Tx_Data
    dvc_djimotor.o(.text._Z16allocate_tx_dataP17CAN_HandleTypeDef17Enum_DJI_Motor_ID) refers to drv_can.o(.bss.CAN1_0x2ff_Tx_Data) for CAN1_0x2ff_Tx_Data
    dvc_djimotor.o(.text._Z16allocate_tx_dataP17CAN_HandleTypeDef17Enum_DJI_Motor_ID) refers to can.o(.bss.hcan2) for hcan2
    dvc_djimotor.o(.text._Z16allocate_tx_dataP17CAN_HandleTypeDef17Enum_DJI_Motor_ID) refers to drv_can.o(.bss.CAN2_0x200_Tx_Data) for CAN2_0x200_Tx_Data
    dvc_djimotor.o(.text._Z16allocate_tx_dataP17CAN_HandleTypeDef17Enum_DJI_Motor_ID) refers to drv_can.o(.bss.CAN2_0x1ff_Tx_Data) for CAN2_0x1ff_Tx_Data
[...]
    turn_left(float)                         0x0800c99d   Thumb Code    94  task.o(.text._Z9turn_leftf)
    Class_DR16::Get_Left_X()                 0x0800c9fd   Thumb Code    14  task.o(.text._ZN10Class_DR1610Get_Left_XEv)
    Class_DR16::Get_Left_Y()                 0x0800ca0d   Thumb Code    14  task.o(.text._ZN10Class_DR1610Get_Left_YEv)
    Class_DR16::Get_Right_X()                0x0800ca1d   Thumb Code    14  task.o(.text._ZN10Class_DR1611Get_Right_XEv)
    Class_DR16::Judge_Switch(Enum_DR16_Switch_Status*, unsigned char, unsigned char) 0x0800ca2d   Thumb Code   222  dvc_dr16.o(.text._ZN10Class_DR1612Judge_SwitchEP23Enum_DR16_Switch_Statushh)
    Class_DR16::Judge_Updata(Struct_DR16_UART_Data, Struct_DR16_UART_Data) 0x0800cb0d   Thumb Code   264  dvc_dr16.o(.text._ZN10Class_DR1612Judge_UpdataE21Struct_DR16_UART_DataS0_)
    Class_DR16::Get_DR16_Status()            0x0800cc15   Thumb Code    14  task.o(.text._ZN10Class_DR1615Get_DR16_StatusEv)
    Class_DR16::Get_Image_Status()           0x0800cc25   Thumb Code    14  dvc_dr16.o(.text._ZN10Class_DR1616Get_Image_StatusEv)
    Class_DR16::DR16_Data_Process()          0x0800cc35   Thumb Code   632  dvc_dr16.o(.text._ZN10Class_DR1617DR16_Data_ProcessEv)
    Class_DR16::DR16_UART_RxCpltCallback(unsigned char*) 0x0800cead   Thumb Code    44  dvc_dr16.o(.text._ZN10Class_DR1624DR16_UART_RxCpltCallbackEPh)
    Class_DR16::TIM1msMod50_Alive_PeriodElapsedCallback() 0x0800ced9   Thumb Code   138  dvc_dr16.o(.text._ZN10Class_DR1639TIM1msMod50_Alive_PeriodElapsedCallbackEv)
    Class_DR16::Init(__UART_HandleTypeDef*, __UART_HandleTypeDef*) 0x0800cf65   Thumb Code   420  dvc_dr16.o(.text._ZN10Class_DR164InitEP20__UART_HandleTypeDefS1_)
    Class_DR16::Judge_Key(Enum_DR16_Key_Status*, unsigned char, unsigned char) 0x0800d109   Thumb Code   126  dvc_dr16.o(.text._ZN10Class_DR169Judge_KeyEP20Enum_DR16_Key_Statushh)
    Class_DR16::Class_DR16__sub_object()     0x0800d189   Thumb Code    58  task.o(.text._ZN10Class_DR16C2Ev)
    Class_VT13::Class_VT13__sub_object()     0x0800d1c5   Thumb Code    40  task.o(.text._ZN10Class_VT13C2Ev)
    Class_Slope::Class_Slope__sub_object()   0x0800d1ed   Thumb Code    18  task.o(.text._ZN11Class_SlopeC2Ev)
    Class_Gimbal::Get_Gimbal_Control_Type()  0x0800d201   Thumb Code    14  task.o(.text._ZN12Class_Gimbal23Get_Gimbal_Control_TypeEv)
    Class_Gimbal::Set_Gimbal_Control_Type(Enum_Gimbal_Control_Type) 0x0800d211   Thumb Code    24  task.o(.text._ZN12Class_Gimbal23Set_Gimbal_Control_TypeE24Enum_Gimbal_Control_Type)
    Class_Gimbal::Class_Gimbal__sub_object() 0x0800d229   Thumb Code   106  task.o(.text._ZN12Class_GimbalC2Ev)
    Class_MiniPC::Class_MiniPC__sub_object() 0x0800d295   Thumb Code    40  task.o(.text._ZN12Class_MiniPCC2Ev)
    Class_Booster::Set_Booster_Control_Type(Enum_Booster_Control_Type) 0x0800d2bd   Thumb Code    24  task.o(.text._ZN13Class_Booster24Set_Booster_Control_TypeE25Enum_Booster_Control_Type)
    Class_Booster::Class_Booster__sub_object() 0x0800d2d5   Thumb Code   130  task.o(.text._ZN13Class_BoosterC2Ev)
    Class_Chariot::Get_Pre_Gimbal_Control_Type() 0x0800d359   Thumb Code    16  task.o(.text._ZN13Class_Chariot27Get_Pre_Gimbal_Control_TypeEv)
    Class_Chariot::Set_Pre_Gimbal_Control_Type(Enum_Gimbal_Control_Type) 0x0800d369   Thumb Code    26  task.o(.text._ZN13Class_Chariot27Set_Pre_Gimbal_Control_TypeE24Enum_Gimbal_Control_Type)
    Class_Chariot::Get_Pre_Chassis_Control_Type() 0x0800d385   Thumb Code    16  task.o(.text._ZN13Class_Chariot28Get_Pre_Chassis_Control_TypeEv)
    Class_Chariot::Set_Pre_Chassis_Control_Type(Enum_Chassis_Control_Type) 0x0800d395   Thumb Code    26  task.o(.text._ZN13Class_Chariot28Set_Pre_Chassis_Control_TypeE25Enum_Chassis_Control_Type)
    Class_Chariot::Init(float)               0x0800d3b1   Thumb Code   106  task.o(.text._ZN13Class_Chariot4InitEf)
    Class_Chariot::Class_Chariot__sub_object() 0x0800d41d   Thumb Code   384  task.o(.text._ZN13Class_ChariotC2Ev)
    Class_Referee::Class_Referee__sub_object() 0x0800d59d   Thumb Code    92  task.o(.text._ZN13Class_RefereeC2Ev)
    Class_LK_Motor::Class_LK_Motor__sub_object() 0x0800d5f9   Thumb Code   134  task.o(.text._ZN14Class_LK_MotorC2Ev)
    Class_Supercap::Class_Supercap__sub_object() 0x0800d681   Thumb Code    20  task.o(.text._ZN14Class_SupercapC2Ev)
    Class_BoardC_BMI::Class_BoardC_BMI__sub_object() 0x0800d695   Thumb Code    20  task.o(.text._ZN16Class_BoardC_BMIC2Ev)
    Class_MahonyAHRS::Class_MahonyAHRS__sub_object() 0x0800d6a9   Thumb Code    34  task.o(.text._ZN16Class_MahonyAHRSC2Ev)
    Class_BoardC_IST8310::Class_BoardC_IST8310__sub_object() 0x0800d6cd   Thumb Code   120  task.o(.text._ZN20Class_BoardC_IST8310C2Ev)
    Class_DJI_Motor_C610::Class_DJI_Motor_C610__sub_object() 0x0800d745   Thumb Code   104  task.o(.text._ZN20Class_DJI_Motor_C610C2Ev)
    Class_DJI_Motor_C620::Data_Process()     0x0800d7ad   Thumb Code   432  dvc_djimotor.o(.text._ZN20Class_DJI_Motor_C62012Data_ProcessEv)
    Class_DJI_Motor_C620::CAN_RxCpltCallback(unsigned char*) 0x0800d95d   Thumb Code    28  dvc_djimotor.o(.text._ZN20Class_DJI_Motor_C62018CAN_RxCpltCallbackEPh)
    Class_DJI_Motor_C620::Set_Target_Omega_Radian(float) 0x0800d979   Thumb Code    20  task.o(.text._ZN20Class_DJI_Motor_C62023Set_Target_Omega_RadianEf)
    Class_DJI_Motor_C620::TIM_PID_PeriodElapsedCallback() 0x0800d98d   Thumb Code   260  dvc_djimotor.o(.text._ZN20Class_DJI_Motor_C62029TIM_PID_PeriodElapsedCallbackEv)
    Class_DJI_Motor_C620::Init(CAN_HandleTypeDef*, Enum_DJI_Motor_ID, Enum_DJI_Motor_Control_Method, float, float) 0x0800da91   Thumb Code   152  dvc_djimotor.o(.text._ZN20Class_DJI_Motor_C6204InitEP17CAN_HandleTypeDef17Enum_DJI_Motor_ID29Enum_DJI_Motor_Control_Methodff)
    Class_DJI_Motor_C620::Output()           0x0800db29   Thumb Code    48  dvc_djimotor.o(.text._ZN20Class_DJI_Motor_C6206OutputEv)
    Class_DJI_Motor_C620::Class_DJI_Motor_C620__sub_object() 0x0800db59   Thumb Code    94  task.o(.text._ZN20Class_DJI_Motor_C620C2Ev)
    Class_FSM_Antijamming::Class_FSM_Antijamming__sub_object() 0x0800dbb9   Thumb Code    20  task.o(.text._ZN21Class_FSM_AntijammingC2Ev)
    Class_FSM_Heat_Detect::Class_FSM_Heat_Detect__sub_object() 0x0800dbcd   Thumb Code    20  task.o(.text._ZN21Class_FSM_Heat_DetectC2Ev)
    Class_DJI_Motor_GM6020::Class_DJI_Motor_GM6020__sub_object() 0x0800dbe1   Thumb Code   102  task.o(.text._ZN22Class_DJI_Motor_GM6020C2Ev)
    Class_Tricycle_Chassis::Set_Velocity_X_Max(float) 0x0800dc49   Thumb Code    20  task.o(.text._ZN22Class_Tricycle_Chassis18Set_Velocity_X_MaxEf)
    Class_Tricycle_Chassis::Set_Velocity_Y_Max(float) 0x0800dc5d   Thumb Code    20  task.o(.text._ZN22Class_Tricycle_Chassis18Set_Velocity_Y_MaxEf)
    Class_Tricycle_Chassis::Get_Chassis_Control_Type() 0x0800dc71   Thumb Code    14  task.o(.text._ZN22Class_Tricycle_Chassis24Get_Chassis_Control_TypeEv)
    Class_Tricycle_Chassis::Set_Chassis_Control_Type(Enum_Chassis_Control_Type) 0x0800dc81   Thumb Code    24  task.o(.text._ZN22Class_Tricycle_Chassis24Set_Chassis_Control_TypeE25Enum_Chassis_Control_Type)
    Class_Tricycle_Chassis::Class_Tricycle_Chassis__sub_object() 0x0800dc99   Thumb Code   176  task.o(.text._ZN22Class_Tricycle_ChassisC2Ev)
    Class_FSM_Alive_Control::Reload_TIM_Status_PeriodElapsedCallback() 0x0800dd49   Thumb Code   684  task.o(.text._ZN23Class_FSM_Alive_Control39Reload_TIM_Status_PeriodElapsedCallbackEv)
    Class_FSM_Alive_Control::Class_FSM_Alive_Control__sub_object() 0x0800dff5   Thumb Code    20  task.o(.text._ZN23Class_FSM_Alive_ControlC2Ev)
    Class_FSM_Alive_Control_VT13::Class_FSM_Alive_Control_VT13__sub_object() 0x0800e009   Thumb Code    28  task.o(.text._ZN28Class_FSM_Alive_Control_VT13C2Ev)
    Class_Gimbal_Yaw_Motor_GM6020::Class_Gimbal_Yaw_Motor_GM6020__sub_object() 0x0800e025   Thumb Code    36  task.o(.text._ZN29Class_Gimbal_Yaw_Motor_GM6020C2Ev)
    Class_Gimbal_Pitch_Motor_GM6020::Class_Gimbal_Pitch_Motor_GM6020__sub_object() 0x0800e049   Thumb Code    40  task.o(.text._ZN31Class_Gimbal_Pitch_Motor_GM6020C2Ev)
    Class_Gimbal_Pitch_Motor_LK6010::Class_Gimbal_Pitch_Motor_LK6010__sub_object() 0x0800e071   Thumb Code    40  task.o(.text._ZN31Class_Gimbal_Pitch_Motor_LK6010C2Ev)
    Struct_Referee_Tx_Data_Interaction_Graphic_1::Struct_Referee_Tx_Data_Interaction_Graphic_1__sub_object() 0x0800e099   Thumb Code    16  task.o(.text._ZN44Struct_Referee_Tx_Data_Interaction_Graphic_1C2Ev)
    Struct_Referee_Tx_Data_Interaction_Graphic_2::Struct_Referee_Tx_Data_Interaction_Graphic_2__sub_object() 0x0800e0a9   Thumb Code    16  task.o(.text._ZN44Struct_Referee_Tx_Data_Interaction_Graphic_2C2Ev)
    Struct_Referee_Tx_Data_Interaction_Graphic_5::Struct_Referee_Tx_Data_Interaction_Graphic_5__sub_object() 0x0800e0b9   Thumb Code    16  task.o(.text._ZN44Struct_Referee_Tx_Data_Interaction_Graphic_5C2Ev)
    Struct_Referee_Tx_Data_Interaction_Graphic_7::Struct_Referee_Tx_Data_Interaction_Graphic_7__sub_object() 0x0800e0c9   Thumb Code    16  task.o(.text._ZN44Struct_Referee_Tx_Data_Interaction_Graphic_7C2Ev)
    Struct_Referee_Tx_Data_Interaction_Layer_Delete::Struct_Referee_Tx_Data_Interaction_Layer_Delete__sub_object() 0x0800e0d9   Thumb Code    16  task.o(.text._ZN47Struct_Referee_Tx_Data_Interaction_Layer_DeleteC2Ev)
    Struct_Referee_Tx_Data_Interaction_Graphic_String::Struct_Referee_Tx_Data_Interaction_Graphic_String__sub_object() 0x0800e0e9   Thumb Code    16  task.o(.text._ZN49Struct_Referee_Tx_Data_Interaction_Graphic_StringC2Ev)
    Class_FSM::Set_Status(unsigned char)     0x0800e0f9   Thumb Code    54  task.o(.text._ZN9Class_FSM10Set_StatusEh)
    Class_FSM::Init(unsigned char, unsigned char) 0x0800e131   Thumb Code   100  alg_fsm.o(.text._ZN9Class_FSM4InitEhh)
    Class_FSM::Class_FSM__sub_object()       0x0800e195   Thumb Code    16  task.o(.text._ZN9Class_FSMC2Ev)
    Class_IMU::Class_IMU__sub_object()       0x0800e1a5   Thumb Code   168  task.o(.text._ZN9Class_IMUC2Ev)
    Class_PID::Set_Target(float)             0x0800e24d   Thumb Code    18  dvc_djimotor.o(.text._ZN9Class_PID10Set_TargetEf)
    Class_PID::TIM_Adjust_PeriodElapsedCallback() 0x0800e261   Thumb Code   702  alg_pid.o(.text._ZN9Class_PID32TIM_Adjust_PeriodElapsedCallbackEv)
    Class_PID::Init(float, float, float, float, float, float, float, float, float, float, float, Enum_PID_D_First) 0x0800e521   Thumb Code   112  alg_pid.o(.text._ZN9Class_PID4InitEfffffffffff16Enum_PID_D_First)
    Class_PID::Get_Out()                     0x0800e591   Thumb Code    14  dvc_djimotor.o(.text._ZN9Class_PID7Get_OutEv)
    Class_PID::Set_Now(float)                0x0800e5a1   Thumb Code    18  dvc_djimotor.o(.text._ZN9Class_PID7Set_NowEf)
    Class_PID::Class_PID__sub_object()       0x0800e5b5   Thumb Code    46  task.o(.text._ZN9Class_PIDC2Ev)
    main                                     0x0800e7a9   Thumb Code    90  main.o(.text.main)
    __ARM_fpclassifyf                        0x0800e803   Thumb Code    38  fpclassifyf.o(i.__ARM_fpclassifyf)
    __hardfp_atan2f                          0x0800e829   Thumb Code   594  atan2f.o(i.__hardfp_atan2f)
    __mathlib_flt_infnan2                    0x0800ead5   Thumb Code     6  funder.o(i.__mathlib_flt_infnan2)
    __mathlib_flt_underflow                  0x0800eadd   Thumb Code    10  funder.o(i.__mathlib_flt_underflow)
    __scatterload_copy                       0x0800eaed   Thumb Code    14  handlers.o(i.__scatterload_copy)
    __scatterload_null                       0x0800eafb   Thumb Code     2  handlers.o(i.__scatterload_null)
    __scatterload_zeroinit                   0x0800eafd   Thumb Code    14  handlers.o(i.__scatterload_zeroinit)
    __set_errno                              0x0800eb0d   Thumb Code     6  errno.o(i.__set_errno)
    AHBPrescTable                            0x0800eb18   Data          16  system_stm32f4xx.o(.rodata.AHBPrescTable)
    APBPrescTable                            0x0800eb28   Data           8  system_stm32f4xx.o(.rodata.APBPrescTable)
    Region$$Table$$Base                      0x0800eb7c   Number         0  anon$$obj.o(Region$$Table)
    Region$$Table$$Limit                     0x0800eb9c   Number         0  anon$$obj.o(Region$$Table)
    SHT$$INIT_ARRAY$$Base                    0x0800eb9c   Number         0  dvc_graphicssendtask.o(.init_array)
    SHT$$INIT_ARRAY$$Limit                   0x0800eba8   Number         0  cpp_init.o(.init_array)
    FS_Desc                                  0x20000008   Data          28  usbd_desc.o(.data.FS_Desc)
    SystemCoreClock                          0x20000024   Data           4  system_stm32f4xx.o(.data.SystemCoreClock)
    USBD_CDC                                 0x20000028   Data          56  usbd_cdc.o(.data.USBD_CDC)
    USBD_FS_DeviceDesc                       0x200000b0   Data          18  usbd_desc.o(.data.USBD_FS_DeviceDesc)
    USBD_Interface_fops_FS                   0x200000c4   Data          20  usbd_cdc_if.o(.data.USBD_Interface_fops_FS)
    USBD_LangIDDesc                          0x200000d8   Data           4  usbd_desc.o(.data.USBD_LangIDDesc)
    USBD_StringSerial                        0x200000dc   Data          26  usbd_desc.o(.data.USBD_StringSerial)
    uwTickFreq                               0x200000f6   Data           1  stm32f4xx_hal.o(.data.uwTickFreq)
    uwTickPrio                               0x200000f8   Data           4  stm32f4xx_hal.o(.data.uwTickPrio)
    CAN1_0x1ff_Tx_Data                       0x20000100   Data           8  drv_can.o(.bss.CAN1_0x1ff_Tx_Data)
    CAN1_0x200_Tx_Data                       0x20000108   Data           8  drv_can.o(.bss.CAN1_0x200_Tx_Data)
    CAN1_0x2ff_Tx_Data                       0x20000110   Data           8  drv_can.o(.bss.CAN1_0x2ff_Tx_Data)
    CAN1_Manage_Object                       0x20000118   Data          44  drv_can.o(.bss.CAN1_Manage_Object)
    CAN2_0x1ff_Tx_Data                       0x20000144   Data           8  drv_can.o(.bss.CAN2_0x1ff_Tx_Data)
    CAN2_0x200_Tx_Data                       0x2000014c   Data           8  drv_can.o(.bss.CAN2_0x200_Tx_Data)
    CAN2_0x2ff_Tx_Data                       0x20000154   Data           8  drv_can.o(.bss.CAN2_0x2ff_Tx_Data)
    CAN2_Manage_Object                       0x2000015c   Data          44  drv_can.o(.bss.CAN2_Manage_Object)
    TIM10_Manage_Object                      0x2000018c   Data           8  drv_tim.o(.bss.TIM10_Manage_Object)
    TIM11_Manage_Object                      0x20000194   Data           8  drv_tim.o(.bss.TIM11_Manage_Object)
    TIM12_Manage_Object                      0x2000019c   Data           8  drv_tim.o(.bss.TIM12_Manage_Object)
    TIM13_Manage_Object                      0x200001a4   Data           8  drv_tim.o(.bss.TIM13_Manage_Object)
    TIM14_Manage_Object                      0x200001ac   Data           8  drv_tim.o(.bss.TIM14_Manage_Object)
    TIM1_Manage_Object                       0x200001b4   Data           8  drv_tim.o(.bss.TIM1_Manage_Object)
    TIM2_Manage_Object                       0x200001bc   Data           8  drv_tim.o(.bss.TIM2_Manage_Object)
    TIM3_Manage_Object                       0x200001c4   Data           8  drv_tim.o(.bss.TIM3_Manage_Object)
    TIM4_Manage_Object                       0x200001cc   Data           8  drv_tim.o(.bss.TIM4_Manage_Object)
    TIM5_Manage_Object                       0x200001d4   Data           8  drv_tim.o(.bss.TIM5_Manage_Object)
    TIM6_Manage_Object                       0x200001dc   Data           8  drv_tim.o(.bss.TIM6_Manage_Object)
    TIM7_Manage_Object                       0x200001e4   Data           8  drv_tim.o(.bss.TIM7_Manage_Object)
    TIM8_Manage_Object                       0x200001ec   Data           8  drv_tim.o(.bss.TIM8_Manage_Object)
    TIM9_Manage_Object                       0x200001f4   Data           8  drv_tim.o(.bss.TIM9_Manage_Object)
    UART1_Manage_Object                      0x200001fc   Data         272  drv_uart.o(.bss.UART1_Manage_Object)
    UART2_Manage_Object                      0x2000030c   Data         272  drv_uart.o(.bss.UART2_Manage_Object)
    UART3_Manage_Object                      0x2000041c   Data         272  drv_uart.o(.bss.UART3_Manage_Object)
    UART4_Manage_Object                      0x2000052c   Data         272  drv_uart.o(.bss.UART4_Manage_Object)
    UART5_Manage_Object                      0x2000063c   Data         272  drv_uart.o(.bss.UART5_Manage_Object)
    UART6_Manage_Object                      0x2000074c   Data         272  drv_uart.o(.bss.UART6_Manage_Object)
    USBD_StrDesc                             0x20000860   Data         512  usbd_desc.o(.bss.USBD_StrDesc)
    UserRxBufferFS                           0x20000c80   Data        2048  usbd_cdc_if.o(.bss.UserRxBufferFS)
    UserTxBufferFS                           0x20001480   Data        2048  usbd_cdc_if.o(.bss.UserTxBufferFS)
    chariot                                  0x20001ca8   Data        5784  task.o(.bss.chariot)
    count                                    0x20003340   Data           4  task.o(.bss.count)
    hUsbDeviceFS                             0x20003344   Data         732  usb_device.o(.bss.hUsbDeviceFS)
    hcan1                                    0x20003620   Data          40  can.o(.bss.hcan1)
    hcan2                                    0x20003648   Data          40  can.o(.bss.hcan2)
    hdma_i2c3_rx                             0x20003670   Data          96  i2c.o(.bss.hdma_i2c3_rx)
    hdma_i2c3_tx                             0x200036d0   Data          96  i2c.o(.bss.hdma_i2c3_tx)
    hdma_spi1_rx                             0x20003730   Data          96  spi.o(.bss.hdma_spi1_rx)
    hdma_spi1_tx                             0x20003790   Data          96  spi.o(.bss.hdma_spi1_tx)
    hdma_usart1_rx                           0x200037f0   Data          96  usart.o(.bss.hdma_usart1_rx)
    hdma_usart1_tx                           0x20003850   Data          96  usart.o(.bss.hdma_usart1_tx)
    hdma_usart3_rx                           0x200038b0   Data          96  usart.o(.bss.hdma_usart3_rx)
    hdma_usart6_rx                           0x20003910   Data          96  usart.o(.bss.hdma_usart6_rx)
    hdma_usart6_tx                           0x20003970   Data          96  usart.o(.bss.hdma_usart6_tx)
    hi2c3                                    0x200039d0   Data          84  i2c.o(.bss.hi2c3)
    hpcd_USB_OTG_FS                          0x20003a24   Data        1252  usbd_conf.o(.bss.hpcd_USB_OTG_FS)
    hspi1                                    0x20003f08   Data          88  spi.o(.bss.hspi1)
    htim1                                    0x20003f60   Data          72  tim.o(.bss.htim1)
    htim10                                   0x20003fa8   Data          72  tim.o(.bss.htim10)
    htim3                                    0x20003ff0   Data          72  tim.o(.bss.htim3)
    htim4                                    0x20004038   Data          72  tim.o(.bss.htim4)
    htim5                                    0x20004080   Data          72  tim.o(.bss.htim5)
    huart1                                   0x200040c8   Data          72  usart.o(.bss.huart1)
    huart3                                   0x20004110   Data          72  usart.o(.bss.huart3)
    huart6                                   0x20004158   Data          72  usart.o(.bss.huart6)
    uwTick                                   0x200041a0   Data           4  stm32f4xx_hal.o(.bss.uwTick)
    __initial_sp                             0x200091a8   Data           0  startup_stm32f407xx.o(STACK)



==============================================================================

Memory Map of the image

  Image Entry point : 0x08000189

  Load Region LR_IROM1 (Base: 0x08000000, Size: 0x0000eca8, Max: 0x00100000, ABSOLUTE)

    Execution Region ER_IROM1 (Exec base: 0x08000000, Load base: 0x08000000, Size: 0x0000eba8, Max: 0x00100000, ABSOLUTE)

    Exec Addr    Load Addr    Size         Type   Attr      Idx    E Section Name        Object

    0x08000000   0x08000000   0x00000188   Data   RO            3    RESET               startup_stm32f407xx.o
    0x08000188   0x08000188   0x00000000   Code   RO         2688  * .ARM.Collect$$$$00000000  mc_w.l(entry.o)
    0x08000188   0x08000188   0x00000004   Code   RO         2734    .ARM.Collect$$$$00000001  mc_w.l(entry2.o)
    0x0800018c   0x0800018c   0x00000004   Code   RO         2737    .ARM.Collect$$$$00000004  mc_w.l(entry5.o)
    0x08000190   0x08000190   0x00000000   Code   RO         2739    .ARM.Collect$$$$00000008  mc_w.l(entry7b.o)
    0x08000190   0x08000190   0x00000004   Code   RO         2740    .ARM.Collect$$$$00000009  mc_w.l(entry8a.o)
    0x08000194   0x08000194   0x00000000   Code   RO         2741    .ARM.Collect$$$$0000000A  mc_w.l(entry8b.o)
    0x08000194   0x08000194   0x00000008   Code   RO         2742    .ARM.Collect$$$$0000000B  mc_w.l(entry9a.o)
    0x0800019c   0x0800019c   0x00000000   Code   RO         2744    .ARM.Collect$$$$0000000D  mc_w.l(entry10a.o)
    0x0800019c   0x0800019c   0x00000000   Code   RO         2746    .ARM.Collect$$$$0000000F  mc_w.l(entry11a.o)
    0x0800019c   0x0800019c   0x00000004   Code   RO         2735    .ARM.Collect$$$$00002712  mc_w.l(entry2.o)
    0x080001a0   0x080001a0   0x00000024   Code   RO            4    .text               startup_stm32f407xx.o
    0x080001c4   0x080001c4   0x00000062   Code   RO         2691    .text               mc_w.l(uldiv.o)
    0x08000226   0x08000226   0x00000024   Code   RO         2693    .text               mc_w.l(memcpya.o)
    0x0800024a   0x0800024a   0x00000024   Code   RO         2695    .text               mc_w.l(memseta.o)
    0x0800026e   0x0800026e   0x00000002   PAD
    0x08000270   0x08000270   0x00000020   Code   RO         2702    .text               mc_w.l(cpp_init.o)
    0x08000290   0x08000290   0x00000036   Code   RO         2708    .text               mf_w.l(dcmple.o)
    0x080002c6   0x080002c6   0x00000036   Code   RO         2710    .text               mf_w.l(dcmpge.o)
    0x080002fc   0x080002fc   0x00000026   Code   RO         2714    .text               mf_w.l(f2d.o)
    0x08000322   0x08000322   0x0000001e   Code   RO         2748    .text               mc_w.l(llshl.o)
    0x08000340   0x08000340   0x00000020   Code   RO         2750    .text               mc_w.l(llushr.o)
    0x08000360   0x08000360   0x00000000   Code   RO         2761    .text               mc_w.l(iusefp.o)
    0x08000360   0x08000360   0x00000024   Code   RO         2770    .text               mc_w.l(init.o)
    0x08000384   0x08000384   0x00000004   Code   RO          670    .text.BusFault_Handler  stm32f4xx_it.o
    0x08000388   0x08000388   0x00000010   Code   RO          694    .text.CAN1_RX0_IRQHandler  stm32f4xx_it.o
    0x08000398   0x08000398   0x00000010   Code   RO          696    .text.CAN1_RX1_IRQHandler  stm32f4xx_it.o
    0x080003a8   0x080003a8   0x00000010   Code   RO          714    .text.CAN2_RX0_IRQHandler  stm32f4xx_it.o
    0x080003b8   0x080003b8   0x00000010   Code   RO          716    .text.CAN2_RX1_IRQHandler  stm32f4xx_it.o
    0x080003c8   0x080003c8   0x000000a0   Code   RO          253    .text.CAN_Init      drv_can.o
    0x08000468   0x08000468   0x00000040   Code   RO          255    .text.CAN_Send_Data  drv_can.o
    0x080004a8   0x080004a8   0x00000060   Code   RO          787    .text.CDC_Control_FS  usbd_cdc_if.o
    0x08000508   0x08000508   0x00000004   Code   RO          785    .text.CDC_DeInit_FS  usbd_cdc_if.o
    0x0800050c   0x0800050c   0x0000003a   Code   RO          783    .text.CDC_Init_FS   usbd_cdc_if.o
    0x08000546   0x08000546   0x00000002   PAD
    0x08000548   0x08000548   0x0000002c   Code   RO          789    .text.CDC_Receive_FS  usbd_cdc_if.o
    0x08000574   0x08000574   0x0000001a   Code   RO          791    .text.CDC_TransmitCplt_FS  usbd_cdc_if.o
    0x0800058e   0x0800058e   0x00000002   PAD
    0x08000590   0x08000590   0x00000010   Code   RO          688    .text.DMA1_Stream1_IRQHandler  stm32f4xx_it.o
    0x080005a0   0x080005a0   0x00000010   Code   RO          690    .text.DMA1_Stream2_IRQHandler  stm32f4xx_it.o
    0x080005b0   0x080005b0   0x00000010   Code   RO          692    .text.DMA1_Stream4_IRQHandler  stm32f4xx_it.o
    0x080005c0   0x080005c0   0x00000010   Code   RO          708    .text.DMA2_Stream1_IRQHandler  stm32f4xx_it.o
    0x080005d0   0x080005d0   0x00000010   Code   RO          710    .text.DMA2_Stream2_IRQHandler  stm32f4xx_it.o
    0x080005e0   0x080005e0   0x00000010   Code   RO          712    .text.DMA2_Stream3_IRQHandler  stm32f4xx_it.o
    0x080005f0   0x080005f0   0x00000010   Code   RO          720    .text.DMA2_Stream5_IRQHandler  stm32f4xx_it.o
    0x08000600   0x08000600   0x00000010   Code   RO          722    .text.DMA2_Stream6_IRQHandler  stm32f4xx_it.o
    0x08000610   0x08000610   0x00000010   Code   RO          724    .text.DMA2_Stream7_IRQHandler  stm32f4xx_it.o
    0x08000620   0x08000620   0x00000056   Code   RO         1257    .text.DMA_CalcBaseAndBitshift  stm32f4xx_hal_dma.o
    0x08000676   0x08000676   0x00000002   PAD
    0x08000678   0x08000678   0x000000f8   Code   RO         1255    .text.DMA_CheckFifoParam  stm32f4xx_hal_dma.o
    0x08000770   0x08000770   0x00000050   Code   RO         1263    .text.DMA_SetConfig  stm32f4xx_hal_dma.o
    0x080007c0   0x080007c0   0x00000002   Code   RO          676    .text.DebugMon_Handler  stm32f4xx_it.o
    0x080007c2   0x080007c2   0x00000002   PAD
    0x080007c4   0x080007c4   0x0000000a   Code   RO          682    .text.EXTI0_IRQHandler  stm32f4xx_it.o
    0x080007ce   0x080007ce   0x00000002   PAD
    0x080007d0   0x080007d0   0x0000000a   Code   RO          684    .text.EXTI3_IRQHandler  stm32f4xx_it.o
    0x080007da   0x080007da   0x00000002   PAD
    0x080007dc   0x080007dc   0x0000000a   Code   RO          686    .text.EXTI4_IRQHandler  stm32f4xx_it.o
    0x080007e6   0x080007e6   0x00000002   PAD
    0x080007e8   0x080007e8   0x0000000a   Code   RO          698    .text.EXTI9_5_IRQHandler  stm32f4xx_it.o
    0x080007f2   0x080007f2   0x00000002   PAD
    0x080007f4   0x080007f4   0x00000006   Code   RO          535    .text.Error_Handler  main.o
    0x080007fa   0x080007fa   0x00000002   PAD
    0x080007fc   0x080007fc   0x00000062   Code   RO          766    .text.Get_SerialNum  usbd_desc.o
    0x0800085e   0x0800085e   0x00000002   PAD
    0x08000860   0x08000860   0x00000052   Code   RO         1551    .text.HAL_CAN_ActivateNotification  stm32f4xx_hal_can.o
    0x080008b2   0x080008b2   0x00000002   PAD
    0x080008b4   0x080008b4   0x0000015c   Code   RO         1537    .text.HAL_CAN_AddTxMessage  stm32f4xx_hal_can.o
    0x08000a10   0x08000a10   0x000001ae   Code   RO         1527    .text.HAL_CAN_ConfigFilter  stm32f4xx_hal_can.o
    0x08000bbe   0x08000bbe   0x00000002   PAD
    0x08000bc0   0x08000bc0   0x00000008   Code   RO         1581    .text.HAL_CAN_ErrorCallback  stm32f4xx_hal_can.o
    0x08000bc8   0x08000bc8   0x0000021c   Code   RO         1547    .text.HAL_CAN_GetRxMessage  stm32f4xx_hal_can.o
    0x08000de4   0x08000de4   0x00000404   Code   RO         1555    .text.HAL_CAN_IRQHandler  stm32f4xx_hal_can.o
    0x080011e8   0x080011e8   0x000001e4   Code   RO         1517    .text.HAL_CAN_Init  stm32f4xx_hal_can.o
    0x080013cc   0x080013cc   0x000001ae   Code   RO          557    .text.HAL_CAN_MspInit  can.o
    0x0800157a   0x0800157a   0x00000002   PAD
    0x0800157c   0x0800157c   0x00000008   Code   RO         1569    .text.HAL_CAN_RxFifo0FullCallback  stm32f4xx_hal_can.o
    0x08001584   0x08001584   0x00000088   Code   RO          259    .text.HAL_CAN_RxFifo0MsgPendingCallback  drv_can.o
    0x0800160c   0x0800160c   0x00000008   Code   RO         1573    .text.HAL_CAN_RxFifo1FullCallback  stm32f4xx_hal_can.o
    0x08001614   0x08001614   0x00000088   Code   RO          261    .text.HAL_CAN_RxFifo1MsgPendingCallback  drv_can.o
    0x0800169c   0x0800169c   0x00000008   Code   RO         1577    .text.HAL_CAN_SleepCallback  stm32f4xx_hal_can.o
    0x080016a4   0x080016a4   0x0000008c   Code   RO         1529    .text.HAL_CAN_Start  stm32f4xx_hal_can.o
    0x08001730   0x08001730   0x00000008   Code   RO         1559    .text.HAL_CAN_TxMailbox0AbortCallback  stm32f4xx_hal_can.o
    0x08001738   0x08001738   0x00000008   Code   RO         1557    .text.HAL_CAN_TxMailbox0CompleteCallback  stm32f4xx_hal_can.o
    0x08001740   0x08001740   0x00000008   Code   RO         1563    .text.HAL_CAN_TxMailbox1AbortCallback  stm32f4xx_hal_can.o
    0x08001748   0x08001748   0x00000008   Code   RO         1561    .text.HAL_CAN_TxMailbox1CompleteCallback  stm32f4xx_hal_can.o
    0x08001750   0x08001750   0x00000008   Code   RO         1567    .text.HAL_CAN_TxMailbox2AbortCallback  stm32f4xx_hal_can.o
    0x08001758   0x08001758   0x00000008   Code   RO         1565    .text.HAL_CAN_TxMailbox2CompleteCallback  stm32f4xx_hal_can.o
    0x08001760   0x08001760   0x00000008   Code   RO         1579    .text.HAL_CAN_WakeUpFromRxMsgCallback  stm32f4xx_hal_can.o
    0x08001768   0x08001768   0x000000f4   Code   RO         1267    .text.HAL_DMA_Abort  stm32f4xx_hal_dma.o
    0x0800185c   0x0800185c   0x00000044   Code   RO         1269    .text.HAL_DMA_Abort_IT  stm32f4xx_hal_dma.o
    0x080018a0   0x080018a0   0x00000344   Code   RO         1273    .text.HAL_DMA_IRQHandler  stm32f4xx_hal_dma.o
    0x08001be4   0x08001be4   0x00000178   Code   RO         1253    .text.HAL_DMA_Init  stm32f4xx_hal_dma.o
    0x08001d5c   0x08001d5c   0x000000c6   Code   RO         1265    .text.HAL_DMA_Start_IT  stm32f4xx_hal_dma.o
    0x08001e22   0x08001e22   0x00000002   PAD
    0x08001e24   0x08001e24   0x00000044   Code   RO         1448    .text.HAL_Delay     stm32f4xx_hal.o
    0x08001e68   0x08001e68   0x0000000c   Code   RO         1229    .text.HAL_GPIO_EXTI_Callback  stm32f4xx_hal_gpio.o
    0x08001e74   0x08001e74   0x0000003a   Code   RO         1227    .text.HAL_GPIO_EXTI_IRQHandler  stm32f4xx_hal_gpio.o
    0x08001eae   0x08001eae   0x00000002   PAD
    0x08001eb0   0x08001eb0   0x000003c2   Code   RO         1215    .text.HAL_GPIO_Init  stm32f4xx_hal_gpio.o
    0x08002272   0x08002272   0x00000002   PAD
    0x08002274   0x08002274   0x00000034   Code   RO         1221    .text.HAL_GPIO_WritePin  stm32f4xx_hal_gpio.o
    0x080022a8   0x080022a8   0x0000000c   Code   RO         1440    .text.HAL_GetTick   stm32f4xx_hal.o
    0x080022b4   0x080022b4   0x000002ba   Code   RO         1596    .text.HAL_I2C_Init  stm32f4xx_hal_i2c.o
    0x0800256e   0x0800256e   0x00000002   PAD
    0x08002570   0x08002570   0x00000190   Code   RO          581    .text.HAL_I2C_MspInit  i2c.o
    0x08002700   0x08002700   0x0000001a   Code   RO         1438    .text.HAL_IncTick   stm32f4xx_hal.o
    0x0800271a   0x0800271a   0x00000002   PAD
    0x0800271c   0x0800271c   0x0000003c   Code   RO         1428    .text.HAL_Init      stm32f4xx_hal.o
    0x08002758   0x08002758   0x00000072   Code   RO         1430    .text.HAL_InitTick  stm32f4xx_hal.o
    0x080027ca   0x080027ca   0x00000002   PAD
    0x080027cc   0x080027cc   0x0000004a   Code   RO          735    .text.HAL_MspInit   stm32f4xx_hal_msp.o
    0x08002816   0x08002816   0x00000002   PAD
    0x08002818   0x08002818   0x00000018   Code   RO         1363    .text.HAL_NVIC_EnableIRQ  stm32f4xx_hal_cortex.o
    0x08002830   0x08002830   0x00000040   Code   RO         1355    .text.HAL_NVIC_SetPriority  stm32f4xx_hal_cortex.o
    0x08002870   0x08002870   0x00000010   Code   RO         1351    .text.HAL_NVIC_SetPriorityGrouping  stm32f4xx_hal_cortex.o
    0x08002880   0x08002880   0x0000000e   Code   RO          963    .text.HAL_PCDEx_LPM_Callback  stm32f4xx_hal_pcd_ex.o
    0x0800288e   0x0800288e   0x00000002   PAD
    0x08002890   0x08002890   0x0000001a   Code   RO          961    .text.HAL_PCDEx_SetRxFiFo  stm32f4xx_hal_pcd_ex.o
    0x080028aa   0x080028aa   0x00000002   PAD
    0x080028ac   0x080028ac   0x000000a2   Code   RO          959    .text.HAL_PCDEx_SetTxFiFo  stm32f4xx_hal_pcd_ex.o
    0x0800294e   0x0800294e   0x00000002   PAD
    0x08002950   0x08002950   0x00000014   Code   RO          827    .text.HAL_PCD_ConnectCallback  usbd_conf.o
    0x08002964   0x08002964   0x00000034   Code   RO          813    .text.HAL_PCD_DataInStageCallback  usbd_conf.o
    0x08002998   0x08002998   0x00000036   Code   RO          811    .text.HAL_PCD_DataOutStageCallback  usbd_conf.o
    0x080029ce   0x080029ce   0x00000002   PAD
    0x080029d0   0x080029d0   0x00000014   Code   RO          829    .text.HAL_PCD_DisconnectCallback  usbd_conf.o
    0x080029e4   0x080029e4   0x00000060   Code   RO          910    .text.HAL_PCD_EP_Abort  stm32f4xx_hal_pcd.o
    0x08002a44   0x08002a44   0x000000aa   Code   RO          930    .text.HAL_PCD_EP_Close  stm32f4xx_hal_pcd.o
    0x08002aee   0x08002aee   0x00000002   PAD
    0x08002af0   0x08002af0   0x000000ca   Code   RO          940    .text.HAL_PCD_EP_ClrStall  stm32f4xx_hal_pcd.o
    0x08002bba   0x08002bba   0x00000002   PAD
    0x08002bbc   0x08002bbc   0x00000024   Code   RO          934    .text.HAL_PCD_EP_GetRxCount  stm32f4xx_hal_pcd.o
    0x08002be0   0x08002be0   0x000000f6   Code   RO          928    .text.HAL_PCD_EP_Open  stm32f4xx_hal_pcd.o
    0x08002cd6   0x08002cd6   0x00000002   PAD
    0x08002cd8   0x08002cd8   0x0000007a   Code   RO          932    .text.HAL_PCD_EP_Receive  stm32f4xx_hal_pcd.o
    0x08002d52   0x08002d52   0x00000002   PAD
    0x08002d54   0x08002d54   0x000000ea   Code   RO          938    .text.HAL_PCD_EP_SetStall  stm32f4xx_hal_pcd.o
    0x08002e3e   0x08002e3e   0x00000002   PAD
    0x08002e40   0x08002e40   0x0000007a   Code   RO          936    .text.HAL_PCD_EP_Transmit  stm32f4xx_hal_pcd.o
    0x08002eba   0x08002eba   0x00000002   PAD
    0x08002ebc   0x08002ebc   0x00000860   Code   RO          888    .text.HAL_PCD_IRQHandler  stm32f4xx_hal_pcd.o
    0x0800371c   0x0800371c   0x00000020   Code   RO          825    .text.HAL_PCD_ISOINIncompleteCallback  usbd_conf.o
    0x0800373c   0x0800373c   0x00000020   Code   RO          823    .text.HAL_PCD_ISOOUTIncompleteCallback  usbd_conf.o
    0x0800375c   0x0800375c   0x00000260   Code   RO          876    .text.HAL_PCD_Init  stm32f4xx_hal_pcd.o
    0x080039bc   0x080039bc   0x000000b2   Code   RO          805    .text.HAL_PCD_MspInit  usbd_conf.o
    0x08003a6e   0x08003a6e   0x00000002   PAD
    0x08003a70   0x08003a70   0x00000058   Code   RO          817    .text.HAL_PCD_ResetCallback  usbd_conf.o
    0x08003ac8   0x08003ac8   0x00000014   Code   RO          821    .text.HAL_PCD_ResumeCallback  usbd_conf.o
    0x08003adc   0x08003adc   0x00000014   Code   RO          815    .text.HAL_PCD_SOFCallback  usbd_conf.o
    0x08003af0   0x08003af0   0x0000005e   Code   RO          926    .text.HAL_PCD_SetAddress  stm32f4xx_hal_pcd.o
    0x08003b4e   0x08003b4e   0x00000002   PAD
    0x08003b50   0x08003b50   0x0000001e   Code   RO          809    .text.HAL_PCD_SetupStageCallback  usbd_conf.o
    0x08003b6e   0x08003b6e   0x00000002   PAD
    0x08003b70   0x08003b70   0x00000080   Code   RO          884    .text.HAL_PCD_Start  stm32f4xx_hal_pcd.o
    0x08003bf0   0x08003bf0   0x00000040   Code   RO          819    .text.HAL_PCD_SuspendCallback  usbd_conf.o
    0x08003c30   0x08003c30   0x00000264   Code   RO         1083    .text.HAL_RCC_ClockConfig  stm32f4xx_hal_rcc.o
    0x08003e94   0x08003e94   0x0000000c   Code   RO         1093    .text.HAL_RCC_GetHCLKFreq  stm32f4xx_hal_rcc.o
    0x08003ea0   0x08003ea0   0x00000022   Code   RO         1095    .text.HAL_RCC_GetPCLK1Freq  stm32f4xx_hal_rcc.o
    0x08003ec2   0x08003ec2   0x00000002   PAD
    0x08003ec4   0x08003ec4   0x00000022   Code   RO         1097    .text.HAL_RCC_GetPCLK2Freq  stm32f4xx_hal_rcc.o
    0x08003ee6   0x08003ee6   0x00000002   PAD
    0x08003ee8   0x08003ee8   0x000000e8   Code   RO         1085    .text.HAL_RCC_GetSysClockFreq  stm32f4xx_hal_rcc.o
    0x08003fd0   0x08003fd0   0x000006ca   Code   RO         1081    .text.HAL_RCC_OscConfig  stm32f4xx_hal_rcc.o
    0x0800469a   0x0800469a   0x00000002   PAD
    0x0800469c   0x0800469c   0x00000104   Code   RO         1768    .text.HAL_SPI_Init  stm32f4xx_hal_spi.o
    0x080047a0   0x080047a0   0x000001a8   Code   RO          597    .text.HAL_SPI_MspInit  spi.o
    0x08004948   0x08004948   0x00000010   Code   RO         1375    .text.HAL_SYSTICK_Config  stm32f4xx_hal_cortex.o
    0x08004958   0x08004958   0x00000008   Code   RO         2208    .text.HAL_TIMEx_BreakCallback  stm32f4xx_hal_tim_ex.o
    0x08004960   0x08004960   0x00000008   Code   RO         2204    .text.HAL_TIMEx_CommutCallback  stm32f4xx_hal_tim_ex.o
    0x08004968   0x08004968   0x000000b2   Code   RO         2200    .text.HAL_TIMEx_ConfigBreakDeadTime  stm32f4xx_hal_tim_ex.o
    0x08004a1a   0x08004a1a   0x00000002   PAD
    0x08004a1c   0x08004a1c   0x00000122   Code   RO         2198    .text.HAL_TIMEx_MasterConfigSynchronization  stm32f4xx_hal_tim_ex.o
    0x08004b3e   0x08004b3e   0x00000002   PAD
    0x08004b40   0x08004b40   0x000000a6   Code   RO         1885    .text.HAL_TIM_Base_Init  stm32f4xx_hal_tim.o
    0x08004be6   0x08004be6   0x00000002   PAD
    0x08004be8   0x08004be8   0x00000142   Code   RO          623    .text.HAL_TIM_Base_MspInit  tim.o
    0x08004d2a   0x08004d2a   0x00000002   PAD
    0x08004d2c   0x08004d2c   0x000000f6   Code   RO         1899    .text.HAL_TIM_Base_Start_IT  stm32f4xx_hal_tim.o
    0x08004e22   0x08004e22   0x00000002   PAD
    0x08004e24   0x08004e24   0x000001a4   Code   RO         2077    .text.HAL_TIM_ConfigClockSource  stm32f4xx_hal_tim.o
    0x08004fc8   0x08004fc8   0x00000008   Code   RO         2021    .text.HAL_TIM_IC_CaptureCallback  stm32f4xx_hal_tim.o
    0x08004fd0   0x08004fd0   0x00000222   Code   RO         2019    .text.HAL_TIM_IRQHandler  stm32f4xx_hal_tim.o
    0x080051f2   0x080051f2   0x00000002   PAD
    0x080051f4   0x080051f4   0x000000c4   Code   RO          613    .text.HAL_TIM_MspPostInit  tim.o
    0x080052b8   0x080052b8   0x00000008   Code   RO         2023    .text.HAL_TIM_OC_DelayElapsedCallback  stm32f4xx_hal_tim.o
    0x080052c0   0x080052c0   0x00000142   Code   RO         2051    .text.HAL_TIM_PWM_ConfigChannel  stm32f4xx_hal_tim.o
    0x08005402   0x08005402   0x00000002   PAD
    0x08005404   0x08005404   0x000000a6   Code   RO         1939    .text.HAL_TIM_PWM_Init  stm32f4xx_hal_tim.o
    0x080054aa   0x080054aa   0x00000002   PAD
    0x080054ac   0x080054ac   0x00000008   Code   RO         1941    .text.HAL_TIM_PWM_MspInit  stm32f4xx_hal_tim.o
    0x080054b4   0x080054b4   0x00000008   Code   RO         2025    .text.HAL_TIM_PWM_PulseFinishedCallback  stm32f4xx_hal_tim.o
    0x080054bc   0x080054bc   0x000001dc   Code   RO          315    .text.HAL_TIM_PeriodElapsedCallback  drv_tim.o
    0x08005698   0x08005698   0x00000008   Code   RO         2029    .text.HAL_TIM_TriggerCallback  stm32f4xx_hal_tim.o
    0x080056a0   0x080056a0   0x000000be   Code   RO         2275    .text.HAL_UARTEx_ReceiveToIdle_DMA  stm32f4xx_hal_uart.o
    0x0800575e   0x0800575e   0x00000002   PAD
    0x08005760   0x08005760   0x000001e2   Code   RO          344    .text.HAL_UARTEx_RxEventCallback  drv_uart.o
    0x08005942   0x08005942   0x00000002   PAD
    0x08005944   0x08005944   0x000000d4   Code   RO         2265    .text.HAL_UART_DMAStop  stm32f4xx_hal_uart.o
    0x08005a18   0x08005a18   0x00000008   Code   RO         2311    .text.HAL_UART_ErrorCallback  stm32f4xx_hal_uart.o
    0x08005a20   0x08005a20   0x0000046e   Code   RO         2305    .text.HAL_UART_IRQHandler  stm32f4xx_hal_uart.o
    0x08005e8e   0x08005e8e   0x00000002   PAD
    0x08005e90   0x08005e90   0x000000a4   Code   RO         2221    .text.HAL_UART_Init  stm32f4xx_hal_uart.o
    0x08005f34   0x08005f34   0x000003f4   Code   RO          645    .text.HAL_UART_MspInit  usart.o
    0x08006328   0x08006328   0x00000008   Code   RO         2323    .text.HAL_UART_RxCpltCallback  stm32f4xx_hal_uart.o
    0x08006330   0x08006330   0x00000008   Code   RO         2325    .text.HAL_UART_RxHalfCpltCallback  stm32f4xx_hal_uart.o
    0x08006338   0x08006338   0x00000008   Code   RO         2319    .text.HAL_UART_TxCpltCallback  stm32f4xx_hal_uart.o
    0x08006340   0x08006340   0x00000004   Code   RO          666    .text.HardFault_Handler  stm32f4xx_it.o
    0x08006344   0x08006344   0x00000078   Code   RO          768    .text.IntToUnicode  usbd_desc.o
    0x080063bc   0x080063bc   0x0000004a   Code   RO          553    .text.MX_CAN1_Init  can.o
    0x08006406   0x08006406   0x00000002   PAD
    0x08006408   0x08006408   0x0000004a   Code   RO          555    .text.MX_CAN2_Init  can.o
    0x08006452   0x08006452   0x00000002   PAD
    0x08006454   0x08006454   0x000000f2   Code   RO          571    .text.MX_DMA_Init   dma.o
    0x08006546   0x08006546   0x00000002   PAD
    0x08006548   0x08006548   0x00000228   Code   RO          545    .text.MX_GPIO_Init  gpio.o
    0x08006770   0x08006770   0x00000044   Code   RO          579    .text.MX_I2C3_Init  i2c.o
    0x080067b4   0x080067b4   0x0000004e   Code   RO          595    .text.MX_SPI1_Init  spi.o
    0x08006802   0x08006802   0x00000002   PAD
    0x08006804   0x08006804   0x0000009c   Code   RO          621    .text.MX_TIM10_Init  tim.o
    0x080068a0   0x080068a0   0x00000128   Code   RO          611    .text.MX_TIM1_Init  tim.o
    0x080069c8   0x080069c8   0x0000008a   Code   RO          615    .text.MX_TIM3_Init  tim.o
    0x08006a52   0x08006a52   0x00000002   PAD
    0x08006a54   0x08006a54   0x0000008a   Code   RO          617    .text.MX_TIM4_Init  tim.o
    0x08006ade   0x08006ade   0x00000002   PAD
    0x08006ae0   0x08006ae0   0x0000008a   Code   RO          619    .text.MX_TIM5_Init  tim.o
    0x08006b6a   0x08006b6a   0x00000002   PAD
    0x08006b6c   0x08006b6c   0x0000003c   Code   RO          639    .text.MX_USART1_UART_Init  usart.o
    0x08006ba8   0x08006ba8   0x00000048   Code   RO          641    .text.MX_USART3_UART_Init  usart.o
    0x08006bf0   0x08006bf0   0x0000003c   Code   RO          643    .text.MX_USART6_UART_Init  usart.o
    0x08006c2c   0x08006c2c   0x0000007e   Code   RO          743    .text.MX_USB_DEVICE_Init  usb_device.o
    0x08006caa   0x08006caa   0x00000002   PAD
    0x08006cac   0x08006cac   0x00000004   Code   RO          668    .text.MemManage_Handler  stm32f4xx_it.o
    0x08006cb0   0x08006cb0   0x00000004   Code   RO          664    .text.NMI_Handler   stm32f4xx_it.o
    0x08006cb4   0x08006cb4   0x0000006e   Code   RO         1361    .text.NVIC_EncodePriority  stm32f4xx_hal_cortex.o
    0x08006d22   0x08006d22   0x00000002   PAD
    0x08006d24   0x08006d24   0x00000010   Code   RO          718    .text.OTG_FS_IRQHandler  stm32f4xx_it.o
    0x08006d34   0x08006d34   0x00000090   Code   RO          892    .text.PCD_EP_OutSetupPacket_int  stm32f4xx_hal_pcd.o
    0x08006dc4   0x08006dc4   0x000001dc   Code   RO          890    .text.PCD_EP_OutXfrComplete_int  stm32f4xx_hal_pcd.o
    0x08006fa0   0x08006fa0   0x00000138   Code   RO          900    .text.PCD_WriteEmptyTxFifo  stm32f4xx_hal_pcd.o
    0x080070d8   0x080070d8   0x00000002   Code   RO          678    .text.PendSV_Handler  stm32f4xx_it.o
    0x080070da   0x080070da   0x00000002   PAD
    0x080070dc   0x080070dc   0x00000002   Code   RO          674    .text.SVC_Handler   stm32f4xx_it.o
    0x080070de   0x080070de   0x00000002   PAD
    0x080070e0   0x080070e0   0x00000036   Code   RO         2445    .text.SWAPBYTE      usbd_ctlreq.o
    0x08007116   0x08007116   0x00000002   PAD
    0x08007118   0x08007118   0x00000052   Code   RO         1377    .text.SysTick_Config  stm32f4xx_hal_cortex.o
    0x0800716a   0x0800716a   0x00000002   PAD
    0x0800716c   0x0800716c   0x00000008   Code   RO          680    .text.SysTick_Handler  stm32f4xx_it.o
    0x08007174   0x08007174   0x000000c0   Code   RO          533    .text.SystemClock_Config  main.o
    0x08007234   0x08007234   0x00000012   Code   RO         2352    .text.SystemInit    system_stm32f4xx.o
    0x08007246   0x08007246   0x00000002   PAD
    0x08007248   0x08007248   0x00000010   Code   RO          700    .text.TIM4_IRQHandler  stm32f4xx_it.o
    0x08007258   0x08007258   0x00000010   Code   RO          706    .text.TIM5_IRQHandler  stm32f4xx_it.o
    0x08007268   0x08007268   0x000001a4   Code   RO         1889    .text.TIM_Base_SetConfig  stm32f4xx_hal_tim.o
    0x0800740c   0x0800740c   0x0000001e   Code   RO          257    .text.TIM_CAN_PeriodElapsedCallback  drv_can.o
    0x0800742a   0x0800742a   0x00000002   PAD
    0x0800742c   0x0800742c   0x00000034   Code   RO         2075    .text.TIM_ETR_SetConfig  stm32f4xx_hal_tim.o
    0x08007460   0x08007460   0x0000002a   Code   RO         2081    .text.TIM_ITRx_SetConfig  stm32f4xx_hal_tim.o
    0x0800748a   0x0800748a   0x00000002   PAD
    0x0800748c   0x0800748c   0x00000214   Code   RO          313    .text.TIM_Init      drv_tim.o
    0x080076a0   0x080076a0   0x000000ea   Code   RO         2033    .text.TIM_OC1_SetConfig  stm32f4xx_hal_tim.o
    0x0800778a   0x0800778a   0x00000002   PAD
    0x0800778c   0x0800778c   0x000000f4   Code   RO         2035    .text.TIM_OC2_SetConfig  stm32f4xx_hal_tim.o
    0x08007880   0x08007880   0x000000f2   Code   RO         2037    .text.TIM_OC3_SetConfig  stm32f4xx_hal_tim.o
    0x08007972   0x08007972   0x00000002   PAD
    0x08007974   0x08007974   0x000000a4   Code   RO         2039    .text.TIM_OC4_SetConfig  stm32f4xx_hal_tim.o
    0x08007a18   0x08007a18   0x00000050   Code   RO         2079    .text.TIM_TI1_ConfigInputStage  stm32f4xx_hal_tim.o
    0x08007a68   0x08007a68   0x00000052   Code   RO         2083    .text.TIM_TI2_ConfigInputStage  stm32f4xx_hal_tim.o
    0x08007aba   0x08007aba   0x00000002   PAD
    0x08007abc   0x08007abc   0x00000200   Code   RO          402    .text.Task_Init     task.o
    0x08007cbc   0x08007cbc   0x00000004   PAD
    0x08007cc0   0x08007cc0   0x000001b8   Code   RO          416    .text.Task_Loop     task.o
    0x08007e78   0x08007e78   0x0000001c   Code   RO         2309    .text.UART_DMAAbortOnError  stm32f4xx_hal_uart.o
    0x08007e94   0x08007e94   0x00000080   Code   RO         2255    .text.UART_DMAError  stm32f4xx_hal_uart.o
    0x08007f14   0x08007f14   0x000000f4   Code   RO         2341    .text.UART_DMAReceiveCplt  stm32f4xx_hal_uart.o
    0x08008008   0x08008008   0x00000034   Code   RO         2343    .text.UART_DMARxHalfCplt  stm32f4xx_hal_uart.o
    0x0800803c   0x0800803c   0x00000094   Code   RO         2269    .text.UART_EndRxTransfer  stm32f4xx_hal_uart.o
    0x080080d0   0x080080d0   0x00000026   Code   RO         2317    .text.UART_EndTransmit_IT  stm32f4xx_hal_uart.o
    0x080080f6   0x080080f6   0x00000002   PAD
    0x080080f8   0x080080f8   0x00000036   Code   RO         2267    .text.UART_EndTxTransfer  stm32f4xx_hal_uart.o
    0x0800812e   0x0800812e   0x00000002   PAD
    0x08008130   0x08008130   0x00000190   Code   RO          338    .text.UART_Init     drv_uart.o
    0x080082c0   0x080082c0   0x0000016e   Code   RO         2307    .text.UART_Receive_IT  stm32f4xx_hal_uart.o
    0x0800842e   0x0800842e   0x00000002   PAD
    0x08008430   0x08008430   0x00000156   Code   RO         2225    .text.UART_SetConfig  stm32f4xx_hal_uart.o
    0x08008586   0x08008586   0x00000002   PAD
    0x08008588   0x08008588   0x0000013a   Code   RO         2259    .text.UART_Start_Receive_DMA  stm32f4xx_hal_uart.o
    0x080086c2   0x080086c2   0x00000002   PAD
    0x080086c4   0x080086c4   0x00000098   Code   RO         2315    .text.UART_Transmit_IT  stm32f4xx_hal_uart.o
    0x0800875c   0x0800875c   0x00000010   Code   RO          702    .text.USART1_IRQHandler  stm32f4xx_it.o
    0x0800876c   0x0800876c   0x00000010   Code   RO          704    .text.USART3_IRQHandler  stm32f4xx_it.o
    0x0800877c   0x0800877c   0x00000010   Code   RO          726    .text.USART6_IRQHandler  stm32f4xx_it.o
    0x0800878c   0x0800878c   0x0000010c   Code   RO         2488    .text.USBD_CDC_DataIn  usbd_cdc.o
    0x08008898   0x08008898   0x0000007a   Code   RO         2490    .text.USBD_CDC_DataOut  usbd_cdc.o
    0x08008912   0x08008912   0x00000002   PAD
    0x08008914   0x08008914   0x00000112   Code   RO         2482    .text.USBD_CDC_DeInit  usbd_cdc.o
    0x08008a26   0x08008a26   0x00000002   PAD
    0x08008a28   0x08008a28   0x00000084   Code   RO         2486    .text.USBD_CDC_EP0_RxReady  usbd_cdc.o
    0x08008aac   0x08008aac   0x00000016   Code   RO         2498    .text.USBD_CDC_GetDeviceQualifierDescriptor  usbd_cdc.o
    0x08008ac2   0x08008ac2   0x00000002   PAD
    0x08008ac4   0x08008ac4   0x0000006e   Code   RO         2494    .text.USBD_CDC_GetFSCfgDesc  usbd_cdc.o
    0x08008b32   0x08008b32   0x00000002   PAD
    0x08008b34   0x08008b34   0x00000072   Code   RO         2492    .text.USBD_CDC_GetHSCfgDesc  usbd_cdc.o
    0x08008ba6   0x08008ba6   0x00000002   PAD
    0x08008ba8   0x08008ba8   0x0000006e   Code   RO         2496    .text.USBD_CDC_GetOtherSpeedCfgDesc  usbd_cdc.o
    0x08008c16   0x08008c16   0x00000002   PAD
    0x08008c18   0x08008c18   0x00000270   Code   RO         2480    .text.USBD_CDC_Init  usbd_cdc.o
    0x08008e88   0x08008e88   0x00000082   Code   RO         2508    .text.USBD_CDC_ReceivePacket  usbd_cdc.o
    0x08008f0a   0x08008f0a   0x00000002   PAD
    0x08008f0c   0x08008f0c   0x00000036   Code   RO         2500    .text.USBD_CDC_RegisterInterface  usbd_cdc.o
    0x08008f42   0x08008f42   0x00000002   PAD
    0x08008f44   0x08008f44   0x0000003e   Code   RO         2504    .text.USBD_CDC_SetRxBuffer  usbd_cdc.o
    0x08008f82   0x08008f82   0x00000002   PAD
    0x08008f84   0x08008f84   0x00000048   Code   RO         2502    .text.USBD_CDC_SetTxBuffer  usbd_cdc.o
    0x08008fcc   0x08008fcc   0x000001e2   Code   RO         2484    .text.USBD_CDC_Setup  usbd_cdc.o
    0x080091ae   0x080091ae   0x00000002   PAD
    0x080091b0   0x080091b0   0x0000003e   Code   RO         2380    .text.USBD_ClrClassConfig  usbd_core.o
    0x080091ee   0x080091ee   0x00000002   PAD
    0x080091f0   0x080091f0   0x00000040   Code   RO         2435    .text.USBD_ClrFeature  usbd_ctlreq.o
    0x08009230   0x08009230   0x00000010   Code   RO         2388    .text.USBD_CoreFindEP  usbd_core.o
    0x08009240   0x08009240   0x00000010   Code   RO         2386    .text.USBD_CoreFindIF  usbd_core.o
    0x08009250   0x08009250   0x00000022   Code   RO         2465    .text.USBD_CtlContinueRx  usbd_ioreq.o
    0x08009272   0x08009272   0x00000002   PAD
    0x08009274   0x08009274   0x00000022   Code   RO         2461    .text.USBD_CtlContinueSendData  usbd_ioreq.o
    0x08009296   0x08009296   0x00000002   PAD
    0x08009298   0x08009298   0x00000022   Code   RO         2437    .text.USBD_CtlError  usbd_ctlreq.o
    0x080092ba   0x080092ba   0x00000002   PAD
    0x080092bc   0x080092bc   0x00000042   Code   RO         2463    .text.USBD_CtlPrepareRx  usbd_ioreq.o
    0x080092fe   0x080092fe   0x00000002   PAD
    0x08009300   0x08009300   0x00000026   Code   RO         2469    .text.USBD_CtlReceiveStatus  usbd_ioreq.o
    0x08009326   0x08009326   0x00000002   PAD
    0x08009328   0x08009328   0x0000003c   Code   RO         2459    .text.USBD_CtlSendData  usbd_ioreq.o
    0x08009364   0x08009364   0x00000026   Code   RO         2467    .text.USBD_CtlSendStatus  usbd_ioreq.o
    0x0800938a   0x0800938a   0x00000002   PAD
    0x0800938c   0x0800938c   0x00000052   Code   RO          762    .text.USBD_FS_ConfigStrDescriptor  usbd_desc.o
    0x080093de   0x080093de   0x00000002   PAD
    0x080093e0   0x080093e0   0x0000001c   Code   RO          752    .text.USBD_FS_DeviceDescriptor  usbd_desc.o
    0x080093fc   0x080093fc   0x00000052   Code   RO          764    .text.USBD_FS_InterfaceStrDescriptor  usbd_desc.o
    0x0800944e   0x0800944e   0x00000002   PAD
    0x08009450   0x08009450   0x0000001c   Code   RO          754    .text.USBD_FS_LangIDStrDescriptor  usbd_desc.o
    0x0800946c   0x0800946c   0x00000038   Code   RO          756    .text.USBD_FS_ManufacturerStrDescriptor  usbd_desc.o
    0x080094a4   0x080094a4   0x00000052   Code   RO          758    .text.USBD_FS_ProductStrDescriptor  usbd_desc.o
    0x080094f6   0x080094f6   0x00000002   PAD
    0x080094f8   0x080094f8   0x00000024   Code   RO          760    .text.USBD_FS_SerialStrDescriptor  usbd_desc.o
    0x0800951c   0x0800951c   0x00000064   Code   RO         2429    .text.USBD_GetConfig  usbd_ctlreq.o
    0x08009580   0x08009580   0x00000332   Code   RO         2423    .text.USBD_GetDescriptor  usbd_ctlreq.o
    0x080098b2   0x080098b2   0x00000002   PAD
    0x080098b4   0x080098b4   0x00000078   Code   RO         2410    .text.USBD_GetEpDesc  usbd_core.o
    0x0800992c   0x0800992c   0x00000034   Code   RO         2449    .text.USBD_GetLen   usbd_ctlreq.o
    0x08009960   0x08009960   0x00000026   Code   RO         2412    .text.USBD_GetNextDesc  usbd_core.o
    0x08009986   0x08009986   0x00000002   PAD
    0x08009988   0x08009988   0x00000064   Code   RO         2431    .text.USBD_GetStatus  usbd_ctlreq.o
    0x080099ec   0x080099ec   0x000000bc   Code   RO         2447    .text.USBD_GetString  usbd_ctlreq.o
    0x08009aa8   0x08009aa8   0x00000054   Code   RO          835    .text.USBD_Get_USB_Status  usbd_conf.o
    0x08009afc   0x08009afc   0x00000070   Code   RO         2366    .text.USBD_Init     usbd_core.o
    0x08009b6c   0x08009b6c   0x0000003e   Code   RO          849    .text.USBD_LL_ClearStallEP  usbd_conf.o
    0x08009baa   0x08009baa   0x00000002   PAD
    0x08009bac   0x08009bac   0x0000003e   Code   RO          843    .text.USBD_LL_CloseEP  usbd_conf.o
    0x08009bea   0x08009bea   0x00000002   PAD
    0x08009bec   0x08009bec   0x000001bc   Code   RO         2390    .text.USBD_LL_DataInStage  usbd_core.o
    0x08009da8   0x08009da8   0x000001d8   Code   RO         2384    .text.USBD_LL_DataOutStage  usbd_core.o
    0x08009f80   0x08009f80   0x0000000a   Code   RO         2406    .text.USBD_LL_DevConnected  usbd_core.o
    0x08009f8a   0x08009f8a   0x00000002   PAD
    0x08009f8c   0x08009f8c   0x0000004a   Code   RO         2408    .text.USBD_LL_DevDisconnected  usbd_core.o
    0x08009fd6   0x08009fd6   0x00000002   PAD
    0x08009fd8   0x08009fd8   0x00000020   Code   RO          859    .text.USBD_LL_GetRxDataSize  usbd_conf.o
    0x08009ff8   0x08009ff8   0x0000008a   Code   RO          831    .text.USBD_LL_Init  usbd_conf.o
    0x0800a082   0x0800a082   0x00000002   PAD
    0x0800a084   0x0800a084   0x0000005c   Code   RO          851    .text.USBD_LL_IsStallEP  usbd_conf.o
    0x0800a0e0   0x0800a0e0   0x0000007a   Code   RO         2402    .text.USBD_LL_IsoINIncomplete  usbd_core.o
    0x0800a15a   0x0800a15a   0x00000002   PAD
    0x0800a15c   0x0800a15c   0x0000007a   Code   RO         2404    .text.USBD_LL_IsoOUTIncomplete  usbd_core.o
    0x0800a1d6   0x0800a1d6   0x00000002   PAD
    0x0800a1d8   0x0800a1d8   0x0000005a   Code   RO          841    .text.USBD_LL_OpenEP  usbd_conf.o
    0x0800a232   0x0800a232   0x00000002   PAD
    0x0800a234   0x0800a234   0x00000048   Code   RO          857    .text.USBD_LL_PrepareReceive  usbd_conf.o
    0x0800a27c   0x0800a27c   0x000000be   Code   RO         2392    .text.USBD_LL_Reset  usbd_core.o
    0x0800a33a   0x0800a33a   0x00000002   PAD
    0x0800a33c   0x0800a33c   0x00000024   Code   RO         2398    .text.USBD_LL_Resume  usbd_core.o
    0x0800a360   0x0800a360   0x00000042   Code   RO         2400    .text.USBD_LL_SOF   usbd_core.o
    0x0800a3a2   0x0800a3a2   0x00000002   PAD
    0x0800a3a4   0x0800a3a4   0x00000018   Code   RO         2394    .text.USBD_LL_SetSpeed  usbd_core.o
    0x0800a3bc   0x0800a3bc   0x0000003e   Code   RO          853    .text.USBD_LL_SetUSBAddress  usbd_conf.o
    0x0800a3fa   0x0800a3fa   0x00000002   PAD
    0x0800a3fc   0x0800a3fc   0x00000096   Code   RO         2382    .text.USBD_LL_SetupStage  usbd_core.o
    0x0800a492   0x0800a492   0x00000002   PAD
    0x0800a494   0x0800a494   0x0000003e   Code   RO          847    .text.USBD_LL_StallEP  usbd_conf.o
    0x0800a4d2   0x0800a4d2   0x00000002   PAD
    0x0800a4d4   0x0800a4d4   0x00000032   Code   RO          837    .text.USBD_LL_Start  usbd_conf.o
    0x0800a506   0x0800a506   0x00000002   PAD
    0x0800a508   0x0800a508   0x0000002c   Code   RO         2396    .text.USBD_LL_Suspend  usbd_core.o
    0x0800a534   0x0800a534   0x00000048   Code   RO          855    .text.USBD_LL_Transmit  usbd_conf.o
    0x0800a57c   0x0800a57c   0x00000062   Code   RO         2443    .text.USBD_ParseSetupRequest  usbd_ctlreq.o
    0x0800a5de   0x0800a5de   0x00000002   PAD
    0x0800a5e0   0x0800a5e0   0x0000007c   Code   RO         2370    .text.USBD_RegisterClass  usbd_core.o
    0x0800a65c   0x0800a65c   0x0000000a   Code   RO         2376    .text.USBD_RunTestMode  usbd_core.o
    0x0800a666   0x0800a666   0x00000002   PAD
    0x0800a668   0x0800a668   0x00000096   Code   RO         2425    .text.USBD_SetAddress  usbd_ctlreq.o
    0x0800a6fe   0x0800a6fe   0x00000002   PAD
    0x0800a700   0x0800a700   0x00000040   Code   RO         2378    .text.USBD_SetClassConfig  usbd_core.o
    0x0800a740   0x0800a740   0x0000019a   Code   RO         2427    .text.USBD_SetConfig  usbd_ctlreq.o
    0x0800a8da   0x0800a8da   0x00000002   PAD
    0x0800a8dc   0x0800a8dc   0x0000004e   Code   RO         2433    .text.USBD_SetFeature  usbd_ctlreq.o
    0x0800a92a   0x0800a92a   0x00000002   PAD
    0x0800a92c   0x0800a92c   0x00000010   Code   RO         2372    .text.USBD_Start    usbd_core.o
    0x0800a93c   0x0800a93c   0x000000d4   Code   RO         2421    .text.USBD_StdDevReq  usbd_ctlreq.o
    0x0800aa10   0x0800aa10   0x000003f2   Code   RO         2441    .text.USBD_StdEPReq  usbd_ctlreq.o
    0x0800ae02   0x0800ae02   0x00000002   PAD
    0x0800ae04   0x0800ae04   0x00000104   Code   RO         2439    .text.USBD_StdItfReq  usbd_ctlreq.o
    0x0800af08   0x0800af08   0x00000008   Code   RO          863    .text.USBD_static_free  usbd_conf.o
    0x0800af10   0x0800af10   0x00000010   Code   RO          861    .text.USBD_static_malloc  usbd_conf.o
    0x0800af20   0x0800af20   0x000000e0   Code   RO          998    .text.USB_ActivateEndpoint  stm32f4xx_ll_usb.o
    0x0800b000   0x0800b000   0x0000002c   Code   RO         1040    .text.USB_ActivateSetup  stm32f4xx_ll_usb.o
    0x0800b02c   0x0800b02c   0x000000de   Code   RO          974    .text.USB_CoreInit  stm32f4xx_ll_usb.o
    0x0800b10a   0x0800b10a   0x00000002   PAD
    0x0800b10c   0x0800b10c   0x00000088   Code   RO          976    .text.USB_CoreReset  stm32f4xx_ll_usb.o
    0x0800b194   0x0800b194   0x0000014c   Code   RO         1002    .text.USB_DeactivateEndpoint  stm32f4xx_ll_usb.o
    0x0800b2e0   0x0800b2e0   0x0000002a   Code   RO         1022    .text.USB_DevConnect  stm32f4xx_ll_usb.o
    0x0800b30a   0x0800b30a   0x00000002   PAD
    0x0800b30c   0x0800b30c   0x0000002a   Code   RO         1024    .text.USB_DevDisconnect  stm32f4xx_ll_usb.o
    0x0800b336   0x0800b336   0x00000002   PAD
    0x0800b338   0x0800b338   0x000002b4   Code   RO          988    .text.USB_DevInit   stm32f4xx_ll_usb.o
    0x0800b5ec   0x0800b5ec   0x00000014   Code   RO          982    .text.USB_DisableGlobalInt  stm32f4xx_ll_usb.o
    0x0800b600   0x0800b600   0x000000a2   Code   RO         1042    .text.USB_EP0_OutStart  stm32f4xx_ll_usb.o
    0x0800b6a2   0x0800b6a2   0x00000002   PAD
    0x0800b6a4   0x0800b6a4   0x000000a0   Code   RO         1016    .text.USB_EPClearStall  stm32f4xx_ll_usb.o
    0x0800b744   0x0800b744   0x000000b0   Code   RO         1014    .text.USB_EPSetStall  stm32f4xx_ll_usb.o
    0x0800b7f4   0x0800b7f4   0x00000412   Code   RO         1006    .text.USB_EPStartXfer  stm32f4xx_ll_usb.o
    0x0800bc06   0x0800bc06   0x00000002   PAD
    0x0800bc08   0x0800bc08   0x00000120   Code   RO         1010    .text.USB_EPStopXfer  stm32f4xx_ll_usb.o
    0x0800bd28   0x0800bd28   0x00000014   Code   RO          980    .text.USB_EnableGlobalInt  stm32f4xx_ll_usb.o
    0x0800bd3c   0x0800bd3c   0x00000074   Code   RO          994    .text.USB_FlushRxFifo  stm32f4xx_ll_usb.o
    0x0800bdb0   0x0800bdb0   0x0000007a   Code   RO          992    .text.USB_FlushTxFifo  stm32f4xx_ll_usb.o
    0x0800be2a   0x0800be2a   0x00000002   PAD
    0x0800be2c   0x0800be2c   0x0000004e   Code   RO          996    .text.USB_GetDevSpeed  stm32f4xx_ll_usb.o
    0x0800be7a   0x0800be7a   0x00000002   PAD
    0x0800be7c   0x0800be7c   0x00000010   Code   RO          986    .text.USB_GetMode   stm32f4xx_ll_usb.o
    0x0800be8c   0x0800be8c   0x00000024   Code   RO         1032    .text.USB_ReadDevAllInEpInterrupt  stm32f4xx_ll_usb.o
    0x0800beb0   0x0800beb0   0x00000024   Code   RO         1030    .text.USB_ReadDevAllOutEpInterrupt  stm32f4xx_ll_usb.o
    0x0800bed4   0x0800bed4   0x00000050   Code   RO         1036    .text.USB_ReadDevInEPInterrupt  stm32f4xx_ll_usb.o
    0x0800bf24   0x0800bf24   0x00000030   Code   RO         1034    .text.USB_ReadDevOutEPInterrupt  stm32f4xx_ll_usb.o
    0x0800bf54   0x0800bf54   0x0000001a   Code   RO         1026    .text.USB_ReadInterrupts  stm32f4xx_ll_usb.o
    0x0800bf6e   0x0800bf6e   0x00000002   PAD
    0x0800bf70   0x0800bf70   0x000000b8   Code   RO         1012    .text.USB_ReadPacket  stm32f4xx_ll_usb.o
    0x0800c028   0x0800c028   0x000000e0   Code   RO          984    .text.USB_SetCurrentMode  stm32f4xx_ll_usb.o
    0x0800c108   0x0800c108   0x00000038   Code   RO         1020    .text.USB_SetDevAddress  stm32f4xx_ll_usb.o
    0x0800c140   0x0800c140   0x00000024   Code   RO          990    .text.USB_SetDevSpeed  stm32f4xx_ll_usb.o
    0x0800c164   0x0800c164   0x000001be   Code   RO          978    .text.USB_SetTurnaroundTime  stm32f4xx_ll_usb.o
    0x0800c322   0x0800c322   0x00000002   PAD
    0x0800c324   0x0800c324   0x00000086   Code   RO         1008    .text.USB_WritePacket  stm32f4xx_ll_usb.o
    0x0800c3aa   0x0800c3aa   0x00000002   PAD
    0x0800c3ac   0x0800c3ac   0x00000004   Code   RO          672    .text.UsageFault_Handler  stm32f4xx_it.o
    0x0800c3b0   0x0800c3b0   0x00000008   Code   RO         2531    .text._GLOBAL__sub_I_crt_chassis.cpp  crt_chassis.o
    0x0800c3b8   0x0800c3b8   0x00000008   Code   RO          131    .text._GLOBAL__sub_I_dvc_GraphicsSendTask.cpp  dvc_graphicssendtask.o
    0x0800c3c0   0x0800c3c0   0x0000000c   Code   RO          418    .text._GLOBAL__sub_I_task.cpp  task.o
    0x0800c3cc   0x0800c3cc   0x00000056   Code   RO          412    .text._Z10trans_leftf  task.o
    0x0800c422   0x0800c422   0x00000002   PAD
    0x0800c424   0x0800c424   0x0000004e   Code   RO          410    .text._Z10turn_rightf  task.o
    0x0800c472   0x0800c472   0x00000002   PAD
    0x0800c474   0x0800c474   0x00000056   Code   RO          414    .text._Z11trans_rightf  task.o
    0x0800c4ca   0x0800c4ca   0x00000002   PAD
    0x0800c4cc   0x0800c4cc   0x0000004e   Code   RO          225    .text._Z14Math_ConstrainIfEvPT_S0_S0_  alg_pid.o
    0x0800c51a   0x0800c51a   0x00000002   PAD
    0x0800c51c   0x0800c51c   0x0000019e   Code   RO           11    .text._Z16allocate_tx_dataP17CAN_HandleTypeDef17Enum_DJI_Motor_ID  dvc_djimotor.o
    0x0800c6ba   0x0800c6ba   0x00000002   PAD
    0x0800c6bc   0x0800c6bc   0x00000024   Code   RO          400    .text._Z19DR16_UART3_CallbackPht  task.o
    0x0800c6e0   0x0800c6e0   0x00000084   Code   RO          396    .text._Z21Task1ms_TIM5_Callbackv  task.o
    0x0800c764   0x0800c764   0x00000022   Code   RO          363    .text._Z22Math_Endian_Reverse_16PvS_  drv_math.o
    0x0800c786   0x0800c786   0x00000002   PAD
    0x0800c788   0x0800c788   0x000000a6   Code   RO          251    .text._Z22can_filter_mask_configP17CAN_HandleTypeDefhjj  drv_can.o
    0x0800c82e   0x0800c82e   0x00000002   PAD
    0x0800c830   0x0800c830   0x00000084   Code   RO          394    .text._Z28Chassis_Device_CAN1_CallbackP20Struct_CAN_Rx_Buffer  task.o
    0x0800c8b4   0x0800c8b4   0x00000056   Code   RO          404    .text._Z7forwardf   task.o
    0x0800c90a   0x0800c90a   0x00000002   PAD
    0x0800c90c   0x0800c90c   0x00000036   Code   RO          223    .text._Z8Math_AbsIfET_S0_  alg_pid.o
    0x0800c942   0x0800c942   0x00000002   PAD
    0x0800c944   0x0800c944   0x00000056   Code   RO          406    .text._Z8backwardf  task.o
    0x0800c99a   0x0800c99a   0x00000002   PAD
    0x0800c99c   0x0800c99c   0x0000005e   Code   RO          408    .text._Z9turn_leftf  task.o
    0x0800c9fa   0x0800c9fa   0x00000002   PAD
    0x0800c9fc   0x0800c9fc   0x0000000e   Code   RO          462    .text._ZN10Class_DR1610Get_Left_XEv  task.o
    0x0800ca0a   0x0800ca0a   0x00000002   PAD
    0x0800ca0c   0x0800ca0c   0x0000000e   Code   RO          460    .text._ZN10Class_DR1610Get_Left_YEv  task.o
    0x0800ca1a   0x0800ca1a   0x00000002   PAD
    0x0800ca1c   0x0800ca1c   0x0000000e   Code   RO          464    .text._ZN10Class_DR1611Get_Right_XEv  task.o
    0x0800ca2a   0x0800ca2a   0x00000002   PAD
    0x0800ca2c   0x0800ca2c   0x000000de   Code   RO           66    .text._ZN10Class_DR1612Judge_SwitchEP23Enum_DR16_Switch_Statushh  dvc_dr16.o
    0x0800cb0a   0x0800cb0a   0x00000002   PAD
    0x0800cb0c   0x0800cb0c   0x00000108   Code   RO           70    .text._ZN10Class_DR1612Judge_UpdataE21Struct_DR16_UART_DataS0_  dvc_dr16.o
    0x0800cc14   0x0800cc14   0x0000000e   Code   RO          438    .text._ZN10Class_DR1615Get_DR16_StatusEv  task.o
    0x0800cc22   0x0800cc22   0x00000002   PAD
    0x0800cc24   0x0800cc24   0x0000000e   Code   RO           88    .text._ZN10Class_DR1616Get_Image_StatusEv  dvc_dr16.o
    0x0800cc32   0x0800cc32   0x00000002   PAD
    0x0800cc34   0x0800cc34   0x00000278   Code   RO           72    .text._ZN10Class_DR1617DR16_Data_ProcessEv  dvc_dr16.o
    0x0800ceac   0x0800ceac   0x0000002c   Code   RO           76    .text._ZN10Class_DR1624DR16_UART_RxCpltCallbackEPh  dvc_dr16.o
    0x0800ced8   0x0800ced8   0x0000008a   Code   RO           80    .text._ZN10Class_DR1639TIM1msMod50_Alive_PeriodElapsedCallbackEv  dvc_dr16.o
    0x0800cf62   0x0800cf62   0x00000002   PAD
    0x0800cf64   0x0800cf64   0x000001a4   Code   RO           64    .text._ZN10Class_DR164InitEP20__UART_HandleTypeDefS1_  dvc_dr16.o
    0x0800d108   0x0800d108   0x0000007e   Code   RO           68    .text._ZN10Class_DR169Judge_KeyEP20Enum_DR16_Key_Statushh  dvc_dr16.o
    0x0800d186   0x0800d186   0x00000002   PAD
    0x0800d188   0x0800d188   0x0000003a   Code   RO          470    .text._ZN10Class_DR16C2Ev  task.o
    0x0800d1c2   0x0800d1c2   0x00000002   PAD
    0x0800d1c4   0x0800d1c4   0x00000028   Code   RO          472    .text._ZN10Class_VT13C2Ev  task.o
    0x0800d1ec   0x0800d1ec   0x00000012   Code   RO          496    .text._ZN11Class_SlopeC2Ev  task.o
    0x0800d1fe   0x0800d1fe   0x00000002   PAD
    0x0800d200   0x0800d200   0x0000000e   Code   RO          458    .text._ZN12Class_Gimbal23Get_Gimbal_Control_TypeEv  task.o
    0x0800d20e   0x0800d20e   0x00000002   PAD
    0x0800d210   0x0800d210   0x00000018   Code   RO          442    .text._ZN12Class_Gimbal23Set_Gimbal_Control_TypeE24Enum_Gimbal_Control_Type  task.o
    0x0800d228   0x0800d228   0x0000006a   Code   RO          476    .text._ZN12Class_GimbalC2Ev  task.o
    0x0800d292   0x0800d292   0x00000002   PAD
    0x0800d294   0x0800d294   0x00000028   Code   RO          474    .text._ZN12Class_MiniPCC2Ev  task.o
    0x0800d2bc   0x0800d2bc   0x00000018   Code   RO          440    .text._ZN13Class_Booster24Set_Booster_Control_TypeE25Enum_Booster_Control_Type  task.o
    0x0800d2d4   0x0800d2d4   0x00000082   Code   RO          478    .text._ZN13Class_BoosterC2Ev  task.o
    0x0800d356   0x0800d356   0x00000002   PAD
    0x0800d358   0x0800d358   0x00000010   Code   RO          448    .text._ZN13Class_Chariot27Get_Pre_Gimbal_Control_TypeEv  task.o
    0x0800d368   0x0800d368   0x0000001a   Code   RO          456    .text._ZN13Class_Chariot27Set_Pre_Gimbal_Control_TypeE24Enum_Gimbal_Control_Type  task.o
    0x0800d382   0x0800d382   0x00000002   PAD
    0x0800d384   0x0800d384   0x00000010   Code   RO          446    .text._ZN13Class_Chariot28Get_Pre_Chassis_Control_TypeEv  task.o
    0x0800d394   0x0800d394   0x0000001a   Code   RO          452    .text._ZN13Class_Chariot28Set_Pre_Chassis_Control_TypeE25Enum_Chassis_Control_Type  task.o
    0x0800d3ae   0x0800d3ae   0x00000002   PAD
    0x0800d3b0   0x0800d3b0   0x0000006a   Code   RO          392    .text._ZN13Class_Chariot4InitEf  task.o
    0x0800d41a   0x0800d41a   0x00000002   PAD
    0x0800d41c   0x0800d41c   0x00000180   Code   RO          430    .text._ZN13Class_ChariotC2Ev  task.o
    0x0800d59c   0x0800d59c   0x0000005c   Code   RO          466    .text._ZN13Class_RefereeC2Ev  task.o
    0x0800d5f8   0x0800d5f8   0x00000086   Code   RO          520    .text._ZN14Class_LK_MotorC2Ev  task.o
    0x0800d67e   0x0800d67e   0x00000002   PAD
    0x0800d680   0x0800d680   0x00000014   Code   RO          498    .text._ZN14Class_SupercapC2Ev  task.o
    0x0800d694   0x0800d694   0x00000014   Code   RO          514    .text._ZN16Class_BoardC_BMIC2Ev  task.o
    0x0800d6a8   0x0800d6a8   0x00000022   Code   RO          512    .text._ZN16Class_MahonyAHRSC2Ev  task.o
    0x0800d6ca   0x0800d6ca   0x00000002   PAD
    0x0800d6cc   0x0800d6cc   0x00000078   Code   RO          516    .text._ZN20Class_BoardC_IST8310C2Ev  task.o
    0x0800d744   0x0800d744   0x00000068   Code   RO          526    .text._ZN20Class_DJI_Motor_C610C2Ev  task.o
    0x0800d7ac   0x0800d7ac   0x000001b0   Code   RO           39    .text._ZN20Class_DJI_Motor_C62012Data_ProcessEv  dvc_djimotor.o
    0x0800d95c   0x0800d95c   0x0000001c   Code   RO           43    .text._ZN20Class_DJI_Motor_C62018CAN_RxCpltCallbackEPh  dvc_djimotor.o
    0x0800d978   0x0800d978   0x00000014   Code   RO          450    .text._ZN20Class_DJI_Motor_C62023Set_Target_Omega_RadianEf  task.o
    0x0800d98c   0x0800d98c   0x00000104   Code   RO           47    .text._ZN20Class_DJI_Motor_C62029TIM_PID_PeriodElapsedCallbackEv  dvc_djimotor.o
    0x0800da90   0x0800da90   0x00000098   Code   RO           37    .text._ZN20Class_DJI_Motor_C6204InitEP17CAN_HandleTypeDef17Enum_DJI_Motor_ID29Enum_DJI_Motor_Control_Methodff  dvc_djimotor.o
    0x0800db28   0x0800db28   0x00000030   Code   RO           41    .text._ZN20Class_DJI_Motor_C6206OutputEv  dvc_djimotor.o
    0x0800db58   0x0800db58   0x0000005e   Code   RO          500    .text._ZN20Class_DJI_Motor_C620C2Ev  task.o
    0x0800dbb6   0x0800dbb6   0x00000002   PAD
    0x0800dbb8   0x0800dbb8   0x00000014   Code   RO          524    .text._ZN21Class_FSM_AntijammingC2Ev  task.o
    0x0800dbcc   0x0800dbcc   0x00000014   Code   RO          522    .text._ZN21Class_FSM_Heat_DetectC2Ev  task.o
    0x0800dbe0   0x0800dbe0   0x00000066   Code   RO          518    .text._ZN22Class_DJI_Motor_GM6020C2Ev  task.o
    0x0800dc46   0x0800dc46   0x00000002   PAD
    0x0800dc48   0x0800dc48   0x00000014   Code   RO          432    .text._ZN22Class_Tricycle_Chassis18Set_Velocity_X_MaxEf  task.o
    0x0800dc5c   0x0800dc5c   0x00000014   Code   RO          434    .text._ZN22Class_Tricycle_Chassis18Set_Velocity_Y_MaxEf  task.o
    0x0800dc70   0x0800dc70   0x0000000e   Code   RO          454    .text._ZN22Class_Tricycle_Chassis24Get_Chassis_Control_TypeEv  task.o
    0x0800dc7e   0x0800dc7e   0x00000002   PAD
    0x0800dc80   0x0800dc80   0x00000018   Code   RO          444    .text._ZN22Class_Tricycle_Chassis24Set_Chassis_Control_TypeE25Enum_Chassis_Control_Type  task.o
    0x0800dc98   0x0800dc98   0x000000b0   Code   RO          468    .text._ZN22Class_Tricycle_ChassisC2Ev  task.o
    0x0800dd48   0x0800dd48   0x000002ac   Code   RO          398    .text._ZN23Class_FSM_Alive_Control39Reload_TIM_Status_PeriodElapsedCallbackEv  task.o
    0x0800dff4   0x0800dff4   0x00000014   Code   RO          480    .text._ZN23Class_FSM_Alive_ControlC2Ev  task.o
    0x0800e008   0x0800e008   0x0000001c   Code   RO          482    .text._ZN28Class_FSM_Alive_Control_VT13C2Ev  task.o
    0x0800e024   0x0800e024   0x00000024   Code   RO          506    .text._ZN29Class_Gimbal_Yaw_Motor_GM6020C2Ev  task.o
    0x0800e048   0x0800e048   0x00000028   Code   RO          508    .text._ZN31Class_Gimbal_Pitch_Motor_GM6020C2Ev  task.o
    0x0800e070   0x0800e070   0x00000028   Code   RO          510    .text._ZN31Class_Gimbal_Pitch_Motor_LK6010C2Ev  task.o
    0x0800e098   0x0800e098   0x00000010   Code   RO          486    .text._ZN44Struct_Referee_Tx_Data_Interaction_Graphic_1C2Ev  task.o
    0x0800e0a8   0x0800e0a8   0x00000010   Code   RO          488    .text._ZN44Struct_Referee_Tx_Data_Interaction_Graphic_2C2Ev  task.o
    0x0800e0b8   0x0800e0b8   0x00000010   Code   RO          490    .text._ZN44Struct_Referee_Tx_Data_Interaction_Graphic_5C2Ev  task.o
    0x0800e0c8   0x0800e0c8   0x00000010   Code   RO          492    .text._ZN44Struct_Referee_Tx_Data_Interaction_Graphic_7C2Ev  task.o
    0x0800e0d8   0x0800e0d8   0x00000010   Code   RO          484    .text._ZN47Struct_Referee_Tx_Data_Interaction_Layer_DeleteC2Ev  task.o
    0x0800e0e8   0x0800e0e8   0x00000010   Code   RO          494    .text._ZN49Struct_Referee_Tx_Data_Interaction_Graphic_StringC2Ev  task.o
    0x0800e0f8   0x0800e0f8   0x00000036   Code   RO          436    .text._ZN9Class_FSM10Set_StatusEh  task.o
    0x0800e12e   0x0800e12e   0x00000002   PAD
    0x0800e130   0x0800e130   0x00000064   Code   RO          240    .text._ZN9Class_FSM4InitEhh  alg_fsm.o
    0x0800e194   0x0800e194   0x00000010   Code   RO          528    .text._ZN9Class_FSMC2Ev  task.o
    0x0800e1a4   0x0800e1a4   0x000000a8   Code   RO          504    .text._ZN9Class_IMUC2Ev  task.o
    0x0800e24c   0x0800e24c   0x00000012   Code   RO           57    .text._ZN9Class_PID10Set_TargetEf  dvc_djimotor.o
    0x0800e25e   0x0800e25e   0x00000002   PAD
    0x0800e260   0x0800e260   0x000002be   Code   RO          215    .text._ZN9Class_PID32TIM_Adjust_PeriodElapsedCallbackEv  alg_pid.o
    0x0800e51e   0x0800e51e   0x00000002   PAD
    0x0800e520   0x0800e520   0x00000070   Code   RO          213    .text._ZN9Class_PID4InitEfffffffffff16Enum_PID_D_First  alg_pid.o
    0x0800e590   0x0800e590   0x0000000e   Code   RO           61    .text._ZN9Class_PID7Get_OutEv  dvc_djimotor.o
    0x0800e59e   0x0800e59e   0x00000002   PAD
    0x0800e5a0   0x0800e5a0   0x00000012   Code   RO           59    .text._ZN9Class_PID7Set_NowEf  dvc_djimotor.o
    0x0800e5b2   0x0800e5b2   0x00000002   PAD
    0x0800e5b4   0x0800e5b4   0x0000002e   Code   RO          502    .text._ZN9Class_PIDC2Ev  task.o
    0x0800e5e2   0x0800e5e2   0x00000002   PAD
    0x0800e5e4   0x0800e5e4   0x00000034   Code   RO         1365    .text.__NVIC_EnableIRQ  stm32f4xx_hal_cortex.o
    0x0800e618   0x0800e618   0x00000010   Code   RO         1357    .text.__NVIC_GetPriorityGrouping  stm32f4xx_hal_cortex.o
    0x0800e628   0x0800e628   0x00000044   Code   RO         1359    .text.__NVIC_SetPriority  stm32f4xx_hal_cortex.o
    0x0800e66c   0x0800e66c   0x0000003c   Code   RO         1353    .text.__NVIC_SetPriorityGrouping  stm32f4xx_hal_cortex.o
    0x0800e6a8   0x0800e6a8   0x00000050   Code   RO           91    .text.__cxx_global_var_init  dvc_graphicssendtask.o
    0x0800e6f8   0x0800e6f8   0x00000050   Code   RO          388    .text.__cxx_global_var_init  task.o
    0x0800e748   0x0800e748   0x00000050   Code   RO         2523    .text.__cxx_global_var_init  crt_chassis.o
    0x0800e798   0x0800e798   0x00000010   Code   RO          390    .text.__cxx_global_var_init.1  task.o
    0x0800e7a8   0x0800e7a8   0x0000005a   Code   RO          531    .text.main          main.o
    0x0800e802   0x0800e802   0x00000026   Code   RO         2718    i.__ARM_fpclassifyf  m_wm.l(fpclassifyf.o)
    0x0800e828   0x0800e828   0x000002ac   Code   RO         2682    i.__hardfp_atan2f   m_wm.l(atan2f.o)
    0x0800ead4   0x0800ead4   0x00000006   Code   RO         2722    i.__mathlib_flt_infnan2  m_wm.l(funder.o)
    0x0800eada   0x0800eada   0x00000002   PAD
    0x0800eadc   0x0800eadc   0x00000010   Code   RO         2726    i.__mathlib_flt_underflow  m_wm.l(funder.o)
    0x0800eaec   0x0800eaec   0x0000000e   Code   RO         2773    i.__scatterload_copy  mc_w.l(handlers.o)
    0x0800eafa   0x0800eafa   0x00000002   Code   RO         2774    i.__scatterload_null  mc_w.l(handlers.o)
    0x0800eafc   0x0800eafc   0x0000000e   Code   RO         2775    i.__scatterload_zeroinit  mc_w.l(handlers.o)
    0x0800eb0a   0x0800eb0a   0x00000002   PAD
    0x0800eb0c   0x0800eb0c   0x0000000c   Code   RO         2756    i.__set_errno       mc_w.l(errno.o)
    0x0800eb18   0x0800eb18   0x00000010   Data   RO         2357    .rodata.AHBPrescTable  system_stm32f4xx.o
    0x0800eb28   0x0800eb28   0x00000008   Data   RO         2358    .rodata.APBPrescTable  system_stm32f4xx.o
    0x0800eb30   0x0800eb30   0x00000008   Data   RO         1283    .rodata.DMA_CalcBaseAndBitshift.flagBitshiftOffset  stm32f4xx_hal_dma.o
    0x0800eb38   0x0800eb38   0x00000042   Data   RO          774    .rodata.str1.1      usbd_desc.o
    0x0800eb7a   0x0800eb7a   0x00000002   PAD
    0x0800eb7c   0x0800eb7c   0x00000020   Data   RO         2772    Region$$Table       anon$$obj.o
    0x0800eb9c   0x0800eb9c   0x00000004   Data   RO          205    .init_array         dvc_graphicssendtask.o
    0x0800eba0   0x0800eb9c   0x00000004   Data   RO          423    .init_array         task.o
    0x0800eba4   0x0800eb9c   0x00000004   Data   RO         2539    .init_array         crt_chassis.o
    0x0800eba8   0x0800eb9c   0x00000000   Data   RO         2700    .init_array         mc_w.l(cpp_init.o)


    Execution Region RW_IRAM1 (Exec base: 0x20000000, Load base: 0x0800eba8, Size: 0x000091a8, Max: 0x0001c000, ABSOLUTE)

    Exec Addr    Load Addr    Size         Type   Attr      Idx    E Section Name        Object

    0x20000000   0x0800eba8   0x00000004   Data   RW         2757    .data               mc_w.l(errno.o)
    0x20000004   0x0800ebac   0x00000001   Data   RW         2514    .data.CDCCmdEpAdd   usbd_cdc.o
    0x20000005   0x0800ebad   0x00000001   Data   RW         2512    .data.CDCInEpAdd    usbd_cdc.o
    0x20000006   0x0800ebae   0x00000001   Data   RW         2513    .data.CDCOutEpAdd   usbd_cdc.o
    0x20000007   0x0800ebaf   0x00000001   PAD
    0x20000008   0x0800ebb0   0x0000001c   Data   RW          770    .data.FS_Desc       usbd_desc.o
    0x20000024   0x0800ebcc   0x00000004   Data   RW         2356    .data.SystemCoreClock  system_stm32f4xx.o
    0x20000028   0x0800ebd0   0x00000038   Data   RW         2510    .data.USBD_CDC      usbd_cdc.o
    0x20000060   0x0800ec08   0x00000043   Data   RW         2515    .data.USBD_CDC_CfgDesc  usbd_cdc.o
    0x200000a3   0x0800ec4b   0x00000001   PAD
    0x200000a4   0x0800ec4c   0x0000000a   Data   RW         2511    .data.USBD_CDC_DeviceQualifierDesc  usbd_cdc.o
    0x200000ae   0x0800ec56   0x00000002   PAD
    0x200000b0   0x0800ec58   0x00000012   Data   RW          771    .data.USBD_FS_DeviceDesc  usbd_desc.o
    0x200000c2   0x0800ec6a   0x00000002   PAD
    0x200000c4   0x0800ec6c   0x00000014   Data   RW          795    .data.USBD_Interface_fops_FS  usbd_cdc_if.o
    0x200000d8   0x0800ec80   0x00000004   Data   RW          772    .data.USBD_LangIDDesc  usbd_desc.o
    0x200000dc   0x0800ec84   0x0000001a   Data   RW          773    .data.USBD_StringSerial  usbd_desc.o
    0x200000f6   0x0800ec9e   0x00000001   Data   RW         1483    .data.uwTickFreq    stm32f4xx_hal.o
    0x200000f7   0x0800ec9f   0x00000001   PAD
    0x200000f8   0x0800eca0   0x00000004   Data   RW         1482    .data.uwTickPrio    stm32f4xx_hal.o
    0x200000fc   0x0800eca4   0x00000004   PAD
    0x20000100        -       0x00000008   Zero   RW          265    .bss.CAN1_0x1ff_Tx_Data  drv_can.o
    0x20000108        -       0x00000008   Zero   RW          266    .bss.CAN1_0x200_Tx_Data  drv_can.o
    0x20000110        -       0x00000008   Zero   RW          267    .bss.CAN1_0x2ff_Tx_Data  drv_can.o
    0x20000118        -       0x0000002c   Zero   RW          263    .bss.CAN1_Manage_Object  drv_can.o
    0x20000144        -       0x00000008   Zero   RW          276    .bss.CAN2_0x1ff_Tx_Data  drv_can.o
    0x2000014c        -       0x00000008   Zero   RW          277    .bss.CAN2_0x200_Tx_Data  drv_can.o
    0x20000154        -       0x00000008   Zero   RW          278    .bss.CAN2_0x2ff_Tx_Data  drv_can.o
    0x2000015c        -       0x0000002c   Zero   RW          264    .bss.CAN2_Manage_Object  drv_can.o
    0x20000188        -       0x00000004   Zero   RW          563    .bss.HAL_RCC_CAN1_CLK_ENABLED  can.o
    0x2000018c        -       0x00000008   Zero   RW          326    .bss.TIM10_Manage_Object  drv_tim.o
    0x20000194        -       0x00000008   Zero   RW          327    .bss.TIM11_Manage_Object  drv_tim.o
    0x2000019c        -       0x00000008   Zero   RW          328    .bss.TIM12_Manage_Object  drv_tim.o
    0x200001a4        -       0x00000008   Zero   RW          329    .bss.TIM13_Manage_Object  drv_tim.o
    0x200001ac        -       0x00000008   Zero   RW          330    .bss.TIM14_Manage_Object  drv_tim.o
    0x200001b4        -       0x00000008   Zero   RW          317    .bss.TIM1_Manage_Object  drv_tim.o
    0x200001bc        -       0x00000008   Zero   RW          318    .bss.TIM2_Manage_Object  drv_tim.o
    0x200001c4        -       0x00000008   Zero   RW          319    .bss.TIM3_Manage_Object  drv_tim.o
    0x200001cc        -       0x00000008   Zero   RW          320    .bss.TIM4_Manage_Object  drv_tim.o
    0x200001d4        -       0x00000008   Zero   RW          321    .bss.TIM5_Manage_Object  drv_tim.o
    0x200001dc        -       0x00000008   Zero   RW          322    .bss.TIM6_Manage_Object  drv_tim.o
    0x200001e4        -       0x00000008   Zero   RW          323    .bss.TIM7_Manage_Object  drv_tim.o
    0x200001ec        -       0x00000008   Zero   RW          324    .bss.TIM8_Manage_Object  drv_tim.o
    0x200001f4        -       0x00000008   Zero   RW          325    .bss.TIM9_Manage_Object  drv_tim.o
    0x200001fc        -       0x00000110   Zero   RW          346    .bss.UART1_Manage_Object  drv_uart.o
    0x2000030c        -       0x00000110   Zero   RW          347    .bss.UART2_Manage_Object  drv_uart.o
    0x2000041c        -       0x00000110   Zero   RW          348    .bss.UART3_Manage_Object  drv_uart.o
    0x2000052c        -       0x00000110   Zero   RW          349    .bss.UART4_Manage_Object  drv_uart.o
    0x2000063c        -       0x00000110   Zero   RW          350    .bss.UART5_Manage_Object  drv_uart.o
    0x2000074c        -       0x00000110   Zero   RW          351    .bss.UART6_Manage_Object  drv_uart.o
    0x2000085c        -       0x00000001   Zero   RW         2451    .bss.USBD_SetConfig.cfgidx  usbd_ctlreq.o
    0x2000085d   0x0800eca4   0x00000003   PAD
    0x20000860        -       0x00000200   Zero   RW          775    .bss.USBD_StrDesc   usbd_desc.o
    0x20000a60        -       0x00000220   Zero   RW          868    .bss.USBD_static_malloc.mem  usbd_conf.o
    0x20000c80        -       0x00000800   Zero   RW          796    .bss.UserRxBufferFS  usbd_cdc_if.o
    0x20001480        -       0x00000800   Zero   RW          797    .bss.UserTxBufferFS  usbd_cdc_if.o
    0x20001c80        -       0x0000000c   Zero   RW          133    .bss._ZL13WHEEL_AZIMUTH  dvc_graphicssendtask.o
    0x20001c8c        -       0x0000000c   Zero   RW          420    .bss._ZL13WHEEL_AZIMUTH  task.o
    0x20001c98        -       0x0000000c   Zero   RW         2533    .bss._ZL13WHEEL_AZIMUTH  crt_chassis.o
    0x20001ca4   0x0800eca4   0x00000004   PAD
    0x20001ca8        -       0x00001698   Zero   RW          422    .bss.chariot        task.o
    0x20003340        -       0x00000004   Zero   RW          421    .bss.count          task.o
    0x20003344        -       0x000002dc   Zero   RW          745    .bss.hUsbDeviceFS   usb_device.o
    0x20003620        -       0x00000028   Zero   RW          561    .bss.hcan1          can.o
    0x20003648        -       0x00000028   Zero   RW          562    .bss.hcan2          can.o
    0x20003670        -       0x00000060   Zero   RW          586    .bss.hdma_i2c3_rx   i2c.o
    0x200036d0        -       0x00000060   Zero   RW          587    .bss.hdma_i2c3_tx   i2c.o
    0x20003730        -       0x00000060   Zero   RW          602    .bss.hdma_spi1_rx   spi.o
    0x20003790        -       0x00000060   Zero   RW          603    .bss.hdma_spi1_tx   spi.o
    0x200037f0        -       0x00000060   Zero   RW          652    .bss.hdma_usart1_rx  usart.o
    0x20003850        -       0x00000060   Zero   RW          653    .bss.hdma_usart1_tx  usart.o
    0x200038b0        -       0x00000060   Zero   RW          654    .bss.hdma_usart3_rx  usart.o
    0x20003910        -       0x00000060   Zero   RW          655    .bss.hdma_usart6_rx  usart.o
    0x20003970        -       0x00000060   Zero   RW          656    .bss.hdma_usart6_tx  usart.o
    0x200039d0        -       0x00000054   Zero   RW          585    .bss.hi2c3          i2c.o
    0x20003a24        -       0x000004e4   Zero   RW          867    .bss.hpcd_USB_OTG_FS  usbd_conf.o
    0x20003f08        -       0x00000058   Zero   RW          601    .bss.hspi1          spi.o
    0x20003f60        -       0x00000048   Zero   RW          627    .bss.htim1          tim.o
    0x20003fa8        -       0x00000048   Zero   RW          631    .bss.htim10         tim.o
    0x20003ff0        -       0x00000048   Zero   RW          628    .bss.htim3          tim.o
    0x20004038        -       0x00000048   Zero   RW          629    .bss.htim4          tim.o
    0x20004080        -       0x00000048   Zero   RW          630    .bss.htim5          tim.o
    0x200040c8        -       0x00000048   Zero   RW          649    .bss.huart1         usart.o
    0x20004110        -       0x00000048   Zero   RW          650    .bss.huart3         usart.o
    0x20004158        -       0x00000048   Zero   RW          651    .bss.huart6         usart.o
    0x200041a0        -       0x00000004   Zero   RW         1484    .bss.uwTick         stm32f4xx_hal.o
    0x200041a4   0x0800eca4   0x00000004   PAD
    0x200041a8        -       0x00005000   Zero   RW            1    STACK               startup_stm32f407xx.o


    Execution Region RW_IRAM2 (Exec base: 0x2001c000, Load base: 0x0800eca8, Size: 0x00000000, Max: 0x00004000, ABSOLUTE)

    **** No section assigned to this execution region ****


==============================================================================

Image component sizes


      Code (inc. data)   RO Data    RW Data    ZI Data      Debug   Object Name

       100          0          0          0          0      15154   alg_fsm.o
       946          0          0          0          0      17702   alg_pid.o
       578          0          0          0         84       6393   can.o
        88         12          4          0         12      53756   crt_chassis.o
       242          0          0          0          0       3295   dma.o
       692          0          0          0        136      11818   drv_can.o
        34          0          0          0          0      16598   drv_math.o
      1008          0          0          0        112       5013   drv_tim.o
       882          0          0          0       1632       7138   drv_uart.o
      1384         44          0          0          0      32282   dvc_djimotor.o
      1860          4          0          0          0      14058   dvc_dr16.o
        88         12          4          0         12      24457   dvc_graphicssendtask.o
       552          0          0          0          0       4142   gpio.o
       468          0          0          0        276       5240   i2c.o
       288          0          0          0          0       2766   main.o
       502          0          0          0        280       5082   spi.o
        36          8        392          0      20480        804   startup_stm32f407xx.o
       280          0          0          5          4       7126   stm32f4xx_hal.o
      3140          0          0          0          0      11516   stm32f4xx_hal_can.o
       508          0          0          0          0       9702   stm32f4xx_hal_cortex.o
      2136          8          8          0          0       8451   stm32f4xx_hal_dma.o
      1084          0          0          0          0       5067   stm32f4xx_hal_gpio.o
       698          0          0          0          0      37591   stm32f4xx_hal_i2c.o
        74          0          0          0          0       1433   stm32f4xx_hal_msp.o
      5134          0          0          0          0      14375   stm32f4xx_hal_pcd.o
       202          0          0          0          0       4185   stm32f4xx_hal_pcd_ex.o
      2662          0          0          0          0       7579   stm32f4xx_hal_rcc.o
       260          0          0          0          0      19405   stm32f4xx_hal_spi.o
      3466         14          0          0          0      36035   stm32f4xx_hal_tim.o
       484          0          0          0          0      15299   stm32f4xx_hal_tim_ex.o
      3598          0          0          0          0      20382   stm32f4xx_hal_uart.o
       378          0          0          0          0       3392   stm32f4xx_it.o
      5240          0          0          0          0      19806   stm32f4xx_ll_usb.o
        18          0         24          4          0       2468   system_stm32f4xx.o
      5222         82          4          0       5800     111698   task.o
      1384          0          0          0        360       9570   tim.o
      1204          0          0          0        696       7889   usart.o
       126          0          0          0        732       3095   usb_device.o
      2576         12          0        136          0      10792   usbd_cdc.o
       228         36          0         20       4096       2562   usbd_cdc_if.o
      1512          4          0          0       1796      14450   usbd_conf.o
      2332          0          0          0          0       8967   usbd_core.o
      3628         30          0          0          1       8532   usbd_ctlreq.o
       612          0         66         76        512       3059   usbd_desc.o
       270          0          0          0          0       4177   usbd_ioreq.o

    ----------------------------------------------------------------------
     58530        270        536        248      37036     634301   Object Totals
         0          0         32          0          0          0   (incl. Generated)
       326          4          2          7         15          0   (incl. Padding)

    ----------------------------------------------------------------------

      Code (inc. data)   RO Data    RW Data    ZI Data      Debug   Library Member Name

       684         90          0          0          0        208   atan2f.o
        38          0          0          0          0        116   fpclassifyf.o
        22          6          0          0          0        232   funder.o
        32          8          0          0          0         80   cpp_init.o
         0          0          0          0          0          0   entry.o
         0          0          0          0          0          0   entry10a.o
         0          0          0          0          0          0   entry11a.o
         8          4          0          0          0          0   entry2.o
         4          0          0          0          0          0   entry5.o
         0          0          0          0          0          0   entry7b.o
         4          0          0          0          0          0   entry8a.o
         0          0          0          0          0          0   entry8b.o
         8          4          0          0          0          0   entry9a.o
        12          6          0          4          0         68   errno.o
        30          0          0          0          0          0   handlers.o
        36          8          0          0          0         68   init.o
         0          0          0          0          0          0   iusefp.o
        30          0          0          0          0         68   llshl.o
        32          0          0          0          0         68   llushr.o
        36          0          0          0          0         68   memcpya.o
        36          0          0          0          0        108   memseta.o
        98          0          0          0          0         92   uldiv.o
        54          0          0          0          0         80   dcmpge.o
        54          0          0          0          0         80   dcmple.o
        38          0          0          0          0         68   f2d.o

    ----------------------------------------------------------------------
      1262        126          0          4          0       1404   Library Totals
         6          0          0          0          0          0   (incl. Padding)

    ----------------------------------------------------------------------

      Code (inc. data)   RO Data    RW Data    ZI Data      Debug   Library Name

       744         96          0          0          0        556   m_wm.l
       366         30          0          4          0        620   mc_w.l
       146          0          0          0          0        228   mf_w.l

    ----------------------------------------------------------------------
      1262        126          0          4          0       1404   Library Totals

    ----------------------------------------------------------------------

==============================================================================


      Code (inc. data)   RO Data    RW Data    ZI Data      Debug   

     59792        396        536        252      37036     634609   Grand Totals
     59792        396        536        252      37036     634609   ELF Image Totals
     59792        396        536        252          0          0   ROM Totals

==============================================================================

    Total RO  Size (Code + RO Data)                60328 (  58.91kB)
    Total RW  Size (RW Data + ZI Data)             37288 (  36.41kB)
    Total ROM Size (Code + RO Data + RW Data)      60580 (  59.16kB)

==============================================================================

